Component: ARM Compiler 5.06 update 4 (build 422) Tool: armlink [4d35d2]

==============================================================================

Section Cross References

    stm32f3xx_hal.o(i.HAL_DeInit) refers to stm32f3xx_hal.o(i.HAL_MspDeInit) for HAL_MspDeInit
    stm32f3xx_hal.o(i.HAL_Delay) refers to stm32f3xx_hal.o(i.HAL_GetTick) for HAL_GetTick
    stm32f3xx_hal.o(i.HAL_GetTick) refers to stm32f3xx_hal.o(.data) for .data
    stm32f3xx_hal.o(i.HAL_IncTick) refers to stm32f3xx_hal.o(.data) for .data
    stm32f3xx_hal.o(i.HAL_Init) refers to stm32f3xx_hal_cortex.o(i.HAL_NVIC_SetPriorityGrouping) for HAL_NVIC_SetPriorityGrouping
    stm32f3xx_hal.o(i.HAL_Init) refers to stm32f3xx_hal.o(i.HAL_InitTick) for HAL_InitTick
    stm32f3xx_hal.o(i.HAL_Init) refers to stm32f3xx_hal_msp.o(i.HAL_MspInit) for HAL_MspInit
    stm32f3xx_hal.o(i.HAL_InitTick) refers to stm32f3xx_hal_cortex.o(i.HAL_SYSTICK_Config) for HAL_SYSTICK_Config
    stm32f3xx_hal.o(i.HAL_InitTick) refers to stm32f3xx_hal_cortex.o(i.HAL_NVIC_SetPriority) for HAL_NVIC_SetPriority
    stm32f3xx_hal.o(i.HAL_InitTick) refers to system_stm32f3xx.o(.data) for SystemCoreClock
    stm32f3xx_hal_pcd.o(i.HAL_PCD_DeInit) refers to stm32f3xx_hal_pcd.o(i.HAL_PCD_Stop) for HAL_PCD_Stop
    stm32f3xx_hal_pcd.o(i.HAL_PCD_DeInit) refers to usbd_conf.o(i.HAL_PCD_MspDeInit) for HAL_PCD_MspDeInit
    stm32f3xx_hal_pcd.o(i.HAL_PCD_DevConnect) refers to usbd_conf.o(i.HAL_PCDEx_SetConnectionState) for HAL_PCDEx_SetConnectionState
    stm32f3xx_hal_pcd.o(i.HAL_PCD_DevDisconnect) refers to usbd_conf.o(i.HAL_PCDEx_SetConnectionState) for HAL_PCDEx_SetConnectionState
    stm32f3xx_hal_pcd.o(i.HAL_PCD_EP_Transmit) refers to stm32f3xx_hal_pcd_ex.o(i.PCD_WritePMA) for PCD_WritePMA
    stm32f3xx_hal_pcd.o(i.HAL_PCD_IRQHandler) refers to stm32f3xx_hal_pcd.o(i.PCD_EP_ISR_Handler) for PCD_EP_ISR_Handler
    stm32f3xx_hal_pcd.o(i.HAL_PCD_IRQHandler) refers to usbd_conf.o(i.HAL_PCD_ResetCallback) for HAL_PCD_ResetCallback
    stm32f3xx_hal_pcd.o(i.HAL_PCD_IRQHandler) refers to stm32f3xx_hal_pcd.o(i.HAL_PCD_SetAddress) for HAL_PCD_SetAddress
    stm32f3xx_hal_pcd.o(i.HAL_PCD_IRQHandler) refers to usbd_conf.o(i.HAL_PCD_ResumeCallback) for HAL_PCD_ResumeCallback
    stm32f3xx_hal_pcd.o(i.HAL_PCD_IRQHandler) refers to usbd_conf.o(i.HAL_PCD_SuspendCallback) for HAL_PCD_SuspendCallback
    stm32f3xx_hal_pcd.o(i.HAL_PCD_IRQHandler) refers to usbd_conf.o(i.HAL_PCD_SOFCallback) for HAL_PCD_SOFCallback
    stm32f3xx_hal_pcd.o(i.HAL_PCD_Init) refers to usbd_conf.o(i.HAL_PCD_MspInit) for HAL_PCD_MspInit
    stm32f3xx_hal_pcd.o(i.HAL_PCD_Start) refers to usbd_conf.o(i.HAL_PCDEx_SetConnectionState) for HAL_PCDEx_SetConnectionState
    stm32f3xx_hal_pcd.o(i.PCD_EP_ISR_Handler) refers to usbd_conf.o(i.HAL_PCD_DataInStageCallback) for HAL_PCD_DataInStageCallback
    stm32f3xx_hal_pcd.o(i.PCD_EP_ISR_Handler) refers to stm32f3xx_hal_pcd_ex.o(i.PCD_ReadPMA) for PCD_ReadPMA
    stm32f3xx_hal_pcd.o(i.PCD_EP_ISR_Handler) refers to usbd_conf.o(i.HAL_PCD_SetupStageCallback) for HAL_PCD_SetupStageCallback
    stm32f3xx_hal_pcd.o(i.PCD_EP_ISR_Handler) refers to usbd_conf.o(i.HAL_PCD_DataOutStageCallback) for HAL_PCD_DataOutStageCallback
    stm32f3xx_hal_pcd.o(i.PCD_EP_ISR_Handler) refers to stm32f3xx_hal_pcd.o(i.HAL_PCD_EP_Receive) for HAL_PCD_EP_Receive
    stm32f3xx_hal_pcd.o(i.PCD_EP_ISR_Handler) refers to stm32f3xx_hal_pcd_ex.o(i.PCD_WritePMA) for PCD_WritePMA
    stm32f3xx_hal_pcd.o(i.PCD_EP_ISR_Handler) refers to stm32f3xx_hal_pcd.o(i.HAL_PCD_EP_Transmit) for HAL_PCD_EP_Transmit
    stm32f3xx_hal_spi.o(i.HAL_SPI_DMAStop) refers to stm32f3xx_hal_dma.o(i.HAL_DMA_Abort) for HAL_DMA_Abort
    stm32f3xx_hal_spi.o(i.HAL_SPI_DeInit) refers to stm32f3xx_hal_msp.o(i.HAL_SPI_MspDeInit) for HAL_SPI_MspDeInit
    stm32f3xx_hal_spi.o(i.HAL_SPI_IRQHandler) refers to stm32f3xx_hal_spi.o(i.HAL_SPI_ErrorCallback) for HAL_SPI_ErrorCallback
    stm32f3xx_hal_spi.o(i.HAL_SPI_Init) refers to stm32f3xx_hal_msp.o(i.HAL_SPI_MspInit) for HAL_SPI_MspInit
    stm32f3xx_hal_spi.o(i.HAL_SPI_Receive) refers to stm32f3xx_hal.o(i.HAL_GetTick) for HAL_GetTick
    stm32f3xx_hal_spi.o(i.HAL_SPI_Receive) refers to stm32f3xx_hal_spi.o(i.HAL_SPI_TransmitReceive) for HAL_SPI_TransmitReceive
    stm32f3xx_hal_spi.o(i.HAL_SPI_Receive) refers to stm32f3xx_hal_spi.o(i.SPI_WaitFlagStateUntilTimeout) for SPI_WaitFlagStateUntilTimeout
    stm32f3xx_hal_spi.o(i.HAL_SPI_Receive) refers to stm32f3xx_hal_spi.o(i.SPI_EndRxTransaction) for SPI_EndRxTransaction
    stm32f3xx_hal_spi.o(i.HAL_SPI_Receive_DMA) refers to stm32f3xx_hal_spi.o(i.HAL_SPI_TransmitReceive_DMA) for HAL_SPI_TransmitReceive_DMA
    stm32f3xx_hal_spi.o(i.HAL_SPI_Receive_DMA) refers to stm32f3xx_hal_dma.o(i.HAL_DMA_Start_IT) for HAL_DMA_Start_IT
    stm32f3xx_hal_spi.o(i.HAL_SPI_Receive_DMA) refers to stm32f3xx_hal_spi.o(i.SPI_DMAHalfReceiveCplt) for SPI_DMAHalfReceiveCplt
[...]
    SPI_WaitFifoStateUntilTimeout            0x08003769   Thumb Code   162  stm32f3xx_hal_spi.o(i.SPI_WaitFifoStateUntilTimeout)
    i.SPI_WaitFlagStateUntilTimeout          0x0800380a   Section        0  stm32f3xx_hal_spi.o(i.SPI_WaitFlagStateUntilTimeout)
    SPI_WaitFlagStateUntilTimeout            0x0800380b   Thumb Code   142  stm32f3xx_hal_spi.o(i.SPI_WaitFlagStateUntilTimeout)
    i.SVC_Handler                            0x08003898   Section        0  stm32f3xx_it.o(i.SVC_Handler)
    i.SysTick_Handler                        0x0800389c   Section        0  stm32f3xx_it.o(i.SysTick_Handler)
    i.SystemClock_Config                     0x08003928   Section        0  main.o(i.SystemClock_Config)
    i.SystemInit                             0x080039b0   Section        0  system_stm32f3xx.o(i.SystemInit)
    i.TIM_Base_SetConfig                     0x08003a18   Section        0  stm32f3xx_hal_tim.o(i.TIM_Base_SetConfig)
    i.TIM_CCxChannelCmd                      0x08003ac0   Section        0  stm32f3xx_hal_tim.o(i.TIM_CCxChannelCmd)
    i.TIM_ETR_SetConfig                      0x08003ad6   Section        0  stm32f3xx_hal_tim.o(i.TIM_ETR_SetConfig)
    i.TIM_ITRx_SetConfig                     0x08003aea   Section        0  stm32f3xx_hal_tim.o(i.TIM_ITRx_SetConfig)
    TIM_ITRx_SetConfig                       0x08003aeb   Thumb Code    16  stm32f3xx_hal_tim.o(i.TIM_ITRx_SetConfig)
    i.TIM_OC1_SetConfig                      0x08003afc   Section        0  stm32f3xx_hal_tim.o(i.TIM_OC1_SetConfig)
    i.TIM_OC2_SetConfig                      0x08003b98   Section        0  stm32f3xx_hal_tim.o(i.TIM_OC2_SetConfig)
    i.TIM_OC3_SetConfig                      0x08003c28   Section        0  stm32f3xx_hal_tim.o(i.TIM_OC3_SetConfig)
    i.TIM_OC4_SetConfig                      0x08003cb8   Section        0  stm32f3xx_hal_tim.o(i.TIM_OC4_SetConfig)
    i.TIM_OC5_SetConfig                      0x08003d2c   Section        0  stm32f3xx_hal_tim_ex.o(i.TIM_OC5_SetConfig)
    TIM_OC5_SetConfig                        0x08003d2d   Thumb Code    86  stm32f3xx_hal_tim_ex.o(i.TIM_OC5_SetConfig)
    i.TIM_OC6_SetConfig                      0x08003d9c   Section        0  stm32f3xx_hal_tim_ex.o(i.TIM_OC6_SetConfig)
    TIM_OC6_SetConfig                        0x08003d9d   Thumb Code    88  stm32f3xx_hal_tim_ex.o(i.TIM_OC6_SetConfig)
    i.TIM_TI1_ConfigInputStage               0x08003e0c   Section        0  stm32f3xx_hal_tim.o(i.TIM_TI1_ConfigInputStage)
    TIM_TI1_ConfigInputStage                 0x08003e0d   Thumb Code    34  stm32f3xx_hal_tim.o(i.TIM_TI1_ConfigInputStage)
    i.TIM_TI2_ConfigInputStage               0x08003e2e   Section        0  stm32f3xx_hal_tim.o(i.TIM_TI2_ConfigInputStage)
    TIM_TI2_ConfigInputStage                 0x08003e2f   Thumb Code    36  stm32f3xx_hal_tim.o(i.TIM_TI2_ConfigInputStage)
    i.USBD_CDC_DataIn                        0x08003e52   Section        0  usbd_cdc.o(i.USBD_CDC_DataIn)
    USBD_CDC_DataIn                          0x08003e53   Thumb Code    20  usbd_cdc.o(i.USBD_CDC_DataIn)
    i.USBD_CDC_DataOut                       0x08003e66   Section        0  usbd_cdc.o(i.USBD_CDC_DataOut)
    USBD_CDC_DataOut                         0x08003e67   Thumb Code    46  usbd_cdc.o(i.USBD_CDC_DataOut)
    i.USBD_CDC_DeInit                        0x08003e94   Section        0  usbd_cdc.o(i.USBD_CDC_DeInit)
    USBD_CDC_DeInit                          0x08003e95   Thumb Code    60  usbd_cdc.o(i.USBD_CDC_DeInit)
    i.USBD_CDC_EP0_RxReady                   0x08003ed0   Section        0  usbd_cdc.o(i.USBD_CDC_EP0_RxReady)
    USBD_CDC_EP0_RxReady                     0x08003ed1   Thumb Code    36  usbd_cdc.o(i.USBD_CDC_EP0_RxReady)
    i.USBD_CDC_GetDeviceQualifierDescriptor  0x08003ef4   Section        0  usbd_cdc.o(i.USBD_CDC_GetDeviceQualifierDescriptor)
    i.USBD_CDC_GetFSCfgDesc                  0x08003f00   Section        0  usbd_cdc.o(i.USBD_CDC_GetFSCfgDesc)
    USBD_CDC_GetFSCfgDesc                    0x08003f01   Thumb Code     8  usbd_cdc.o(i.USBD_CDC_GetFSCfgDesc)
    i.USBD_CDC_GetHSCfgDesc                  0x08003f0c   Section        0  usbd_cdc.o(i.USBD_CDC_GetHSCfgDesc)
    USBD_CDC_GetHSCfgDesc                    0x08003f0d   Thumb Code     8  usbd_cdc.o(i.USBD_CDC_GetHSCfgDesc)
    i.USBD_CDC_GetOtherSpeedCfgDesc          0x08003f18   Section        0  usbd_cdc.o(i.USBD_CDC_GetOtherSpeedCfgDesc)
    USBD_CDC_GetOtherSpeedCfgDesc            0x08003f19   Thumb Code     8  usbd_cdc.o(i.USBD_CDC_GetOtherSpeedCfgDesc)
    i.USBD_CDC_Init                          0x08003f24   Section        0  usbd_cdc.o(i.USBD_CDC_Init)
    USBD_CDC_Init                            0x08003f25   Thumb Code   136  usbd_cdc.o(i.USBD_CDC_Init)
    i.USBD_CDC_ReceivePacket                 0x08003fac   Section        0  usbd_cdc.o(i.USBD_CDC_ReceivePacket)
    i.USBD_CDC_RegisterInterface             0x08003fd4   Section        0  usbd_cdc.o(i.USBD_CDC_RegisterInterface)
    i.USBD_CDC_SetRxBuffer                   0x08003fe4   Section        0  usbd_cdc.o(i.USBD_CDC_SetRxBuffer)
    i.USBD_CDC_SetTxBuffer                   0x08003ff0   Section        0  usbd_cdc.o(i.USBD_CDC_SetTxBuffer)
    i.USBD_CDC_Setup                         0x08004000   Section        0  usbd_cdc.o(i.USBD_CDC_Setup)
    USBD_CDC_Setup                           0x08004001   Thumb Code   106  usbd_cdc.o(i.USBD_CDC_Setup)
    i.USBD_CDC_TransmitPacket                0x08004070   Section        0  usbd_cdc.o(i.USBD_CDC_TransmitPacket)
    i.USBD_ClrClassConfig                    0x080040a0   Section        0  usbd_core.o(i.USBD_ClrClassConfig)
    i.USBD_CtlContinueRx                     0x080040ae   Section        0  usbd_ioreq.o(i.USBD_CtlContinueRx)
    i.USBD_CtlContinueSendData               0x080040be   Section        0  usbd_ioreq.o(i.USBD_CtlContinueSendData)
    i.USBD_CtlError                          0x080040ce   Section        0  usbd_ctlreq.o(i.USBD_CtlError)
    i.USBD_CtlPrepareRx                      0x080040e4   Section        0  usbd_ioreq.o(i.USBD_CtlPrepareRx)
    i.USBD_CtlReceiveStatus                  0x08004102   Section        0  usbd_ioreq.o(i.USBD_CtlReceiveStatus)
    i.USBD_CtlSendData                       0x08004118   Section        0  usbd_ioreq.o(i.USBD_CtlSendData)
    i.USBD_CtlSendStatus                     0x08004132   Section        0  usbd_ioreq.o(i.USBD_CtlSendStatus)
    i.USBD_FS_ConfigStrDescriptor            0x08004148   Section        0  usbd_desc.o(i.USBD_FS_ConfigStrDescriptor)
    i.USBD_FS_DeviceDescriptor               0x08004168   Section        0  usbd_desc.o(i.USBD_FS_DeviceDescriptor)
    i.USBD_FS_InterfaceStrDescriptor         0x08004174   Section        0  usbd_desc.o(i.USBD_FS_InterfaceStrDescriptor)
    i.USBD_FS_LangIDStrDescriptor            0x08004198   Section        0  usbd_desc.o(i.USBD_FS_LangIDStrDescriptor)
    i.USBD_FS_ManufacturerStrDescriptor      0x080041a4   Section        0  usbd_desc.o(i.USBD_FS_ManufacturerStrDescriptor)
    i.USBD_FS_ProductStrDescriptor           0x080041cc   Section        0  usbd_desc.o(i.USBD_FS_ProductStrDescriptor)
    i.USBD_FS_SerialStrDescriptor            0x080041f8   Section        0  usbd_desc.o(i.USBD_FS_SerialStrDescriptor)
    i.USBD_GetDescriptor                     0x0800421c   Section        0  usbd_ctlreq.o(i.USBD_GetDescriptor)
    USBD_GetDescriptor                       0x0800421d   Thumb Code   224  usbd_ctlreq.o(i.USBD_GetDescriptor)
    i.USBD_GetString                         0x080042fc   Section        0  usbd_ctlreq.o(i.USBD_GetString)
    i.USBD_Init                              0x08004342   Section        0  usbd_core.o(i.USBD_Init)
    i.USBD_LL_ClearStallEP                   0x0800436c   Section        0  usbd_conf.o(i.USBD_LL_ClearStallEP)
    i.USBD_LL_CloseEP                        0x0800437a   Section        0  usbd_conf.o(i.USBD_LL_CloseEP)
    i.USBD_LL_DataInStage                    0x08004388   Section        0  usbd_core.o(i.USBD_LL_DataInStage)
    i.USBD_LL_DataOutStage                   0x08004432   Section        0  usbd_core.o(i.USBD_LL_DataOutStage)
    i.USBD_LL_GetRxDataSize                  0x0800449c   Section        0  usbd_conf.o(i.USBD_LL_GetRxDataSize)
    i.USBD_LL_Init                           0x080044a4   Section        0  usbd_conf.o(i.USBD_LL_Init)
    i.USBD_LL_IsStallEP                      0x08004528   Section        0  usbd_conf.o(i.USBD_LL_IsStallEP)
    i.USBD_LL_OpenEP                         0x08004548   Section        0  usbd_conf.o(i.USBD_LL_OpenEP)
    i.USBD_LL_PrepareReceive                 0x0800455c   Section        0  usbd_conf.o(i.USBD_LL_PrepareReceive)
    i.USBD_LL_Reset                          0x0800456a   Section        0  usbd_core.o(i.USBD_LL_Reset)
    i.USBD_LL_Resume                         0x080045a8   Section        0  usbd_core.o(i.USBD_LL_Resume)
    i.USBD_LL_SOF                            0x080045b4   Section        0  usbd_core.o(i.USBD_LL_SOF)
    i.USBD_LL_SetSpeed                       0x080045cc   Section        0  usbd_core.o(i.USBD_LL_SetSpeed)
    i.USBD_LL_SetUSBAddress                  0x080045d2   Section        0  usbd_conf.o(i.USBD_LL_SetUSBAddress)
    i.USBD_LL_SetupStage                     0x080045e0   Section        0  usbd_core.o(i.USBD_LL_SetupStage)
    i.USBD_LL_StallEP                        0x0800463a   Section        0  usbd_conf.o(i.USBD_LL_StallEP)
    i.USBD_LL_Start                          0x08004648   Section        0  usbd_conf.o(i.USBD_LL_Start)
    i.USBD_LL_Suspend                        0x08004656   Section        0  usbd_core.o(i.USBD_LL_Suspend)
    i.USBD_LL_Transmit                       0x08004668   Section        0  usbd_conf.o(i.USBD_LL_Transmit)
    i.USBD_ParseSetupRequest                 0x08004676   Section        0  usbd_ctlreq.o(i.USBD_ParseSetupRequest)
    i.USBD_RegisterClass                     0x0800469e   Section        0  usbd_core.o(i.USBD_RegisterClass)
    i.USBD_SetClassConfig                    0x080046ae   Section        0  usbd_core.o(i.USBD_SetClassConfig)
    i.USBD_SetConfig                         0x080046c4   Section        0  usbd_ctlreq.o(i.USBD_SetConfig)
    USBD_SetConfig                           0x080046c5   Thumb Code   110  usbd_ctlreq.o(i.USBD_SetConfig)
    i.USBD_Start                             0x08004738   Section        0  usbd_core.o(i.USBD_Start)
    i.USBD_StdDevReq                         0x08004742   Section        0  usbd_ctlreq.o(i.USBD_StdDevReq)
    i.USBD_StdEPReq                          0x08004834   Section        0  usbd_ctlreq.o(i.USBD_StdEPReq)
    i.USBD_StdItfReq                         0x08004910   Section        0  usbd_ctlreq.o(i.USBD_StdItfReq)
    i.USBD_static_free                       0x08004944   Section        0  usbd_conf.o(i.USBD_static_free)
    i.USBD_static_malloc                     0x08004948   Section        0  usbd_conf.o(i.USBD_static_malloc)
    i.USB_LP_CAN_RX0_IRQHandler              0x08004950   Section        0  stm32f3xx_it.o(i.USB_LP_CAN_RX0_IRQHandler)
    i.UsageFault_Handler                     0x0800495c   Section        0  stm32f3xx_it.o(i.UsageFault_Handler)
    i.__0sprintf                             0x08004960   Section        0  printfa.o(i.__0sprintf)
    i.__ARM_fpclassify                       0x08004988   Section        0  fpclassify.o(i.__ARM_fpclassify)
    i.__hardfp_atan                          0x080049b8   Section        0  atan.o(i.__hardfp_atan)
    i.__hardfp_atan2                         0x08004c90   Section        0  atan2.o(i.__hardfp_atan2)
    i.__hardfp_sqrt                          0x08004e80   Section        0  sqrt.o(i.__hardfp_sqrt)
    i.__kernel_poly                          0x08004efa   Section        0  poly.o(i.__kernel_poly)
    i.__mathlib_dbl_infnan                   0x08004ff2   Section        0  dunder.o(i.__mathlib_dbl_infnan)
    i.__mathlib_dbl_infnan2                  0x08005006   Section        0  dunder.o(i.__mathlib_dbl_infnan2)
    i.__mathlib_dbl_underflow                0x08005020   Section        0  dunder.o(i.__mathlib_dbl_underflow)
    i.__scatterload_copy                     0x08005040   Section       14  handlers.o(i.__scatterload_copy)
    i.__scatterload_null                     0x0800504e   Section        2  handlers.o(i.__scatterload_null)
    i.__scatterload_zeroinit                 0x08005050   Section       14  handlers.o(i.__scatterload_zeroinit)
    i.__set_errno                            0x08005060   Section        0  errno.o(i.__set_errno)
    i._fp_digits                             0x0800506c   Section        0  printfa.o(i._fp_digits)
    _fp_digits                               0x0800506d   Thumb Code   366  printfa.o(i._fp_digits)
    i._printf_core                           0x080051f0   Section        0  printfa.o(i._printf_core)
    _printf_core                             0x080051f1   Thumb Code  1744  printfa.o(i._printf_core)
    i._printf_post_padding                   0x080058cc   Section        0  printfa.o(i._printf_post_padding)
    _printf_post_padding                     0x080058cd   Thumb Code    36  printfa.o(i._printf_post_padding)
    i._printf_pre_padding                    0x080058f0   Section        0  printfa.o(i._printf_pre_padding)
    _printf_pre_padding                      0x080058f1   Thumb Code    46  printfa.o(i._printf_pre_padding)
    i._sputc                                 0x0800591e   Section        0  printfa.o(i._sputc)
    _sputc                                   0x0800591f   Thumb Code    10  printfa.o(i._sputc)
    i.atan                                   0x08005928   Section        0  atan.o(i.atan)
    i.fabs                                   0x08005938   Section        0  fabs.o(i.fabs)
    i.imu9dof                                0x08005950   Section        0  imu9dof.o(i.imu9dof)
    i.l3gd20_init                            0x08005d28   Section        0  l3gd20.o(i.l3gd20_init)
    i.l3gd20_read                            0x08005d7c   Section        0  l3gd20.o(i.l3gd20_read)
    i.l3gd20_readxyz                         0x08005dcc   Section        0  l3gd20.o(i.l3gd20_readxyz)
    i.l3gd20_reboot                          0x08005e98   Section        0  l3gd20.o(i.l3gd20_reboot)
    i.l3gd20_sendbyte                        0x08005ebc   Section        0  l3gd20.o(i.l3gd20_sendbyte)
    i.l3gd20_write                           0x08005ee4   Section        0  l3gd20.o(i.l3gd20_write)
    i.lsm_accxyz                             0x08005f2c   Section        0  lsm303dlhc.o(i.lsm_accxyz)
    i.lsm_init                               0x08006038   Section        0  lsm303dlhc.o(i.lsm_init)
    i.lsm_magxyz                             0x08006088   Section        0  lsm303dlhc.o(i.lsm_magxyz)
    i.lsm_read                               0x080061a8   Section        0  lsm303dlhc.o(i.lsm_read)
    i.lsm_reboot                             0x080061d4   Section        0  lsm303dlhc.o(i.lsm_reboot)
    i.lsm_write                              0x080061f0   Section        0  lsm303dlhc.o(i.lsm_write)
    i.main                                   0x08006214   Section        0  main.o(i.main)
    .constdata                               0x08006520   Section       32  stm32f3xx_hal_rcc.o(.constdata)
    .constdata                               0x08006540   Section       16  system_stm32f3xx.o(.constdata)
    .constdata                               0x08006550   Section      152  atan.o(.constdata)
    atanhi                                   0x08006550   Data          32  atan.o(.constdata)
    atanlo                                   0x08006570   Data          32  atan.o(.constdata)
    aTodd                                    0x08006590   Data          40  atan.o(.constdata)
    aTeven                                   0x080065b8   Data          48  atan.o(.constdata)
    .constdata                               0x080065e8   Section        8  qnan.o(.constdata)
    .data                                    0x20000000   Section        4  stm32f3xx_hal.o(.data)
    .data                                    0x20000004   Section        4  system_stm32f3xx.o(.data)
    .data                                    0x20000008   Section      219  usbd_cdc.o(.data)
    ifalt                                    0x20000008   Data           1  usbd_cdc.o(.data)
    USBD_CDC_DeviceQualifierDesc             0x2000000c   Data          10  usbd_cdc.o(.data)
    .data                                    0x200000e4   Section       56  usbd_cdc.o(.data)
    .data                                    0x2000011c   Section        1  usbd_ctlreq.o(.data)
    cfgidx                                   0x2000011c   Data           1  usbd_ctlreq.o(.data)
    .data                                    0x20000120   Section       36  main.o(.data)
    magX_max                                 0x20000124   Data           4  main.o(.data)
    magY_max                                 0x20000128   Data           4  main.o(.data)
    magX_min                                 0x2000012c   Data           4  main.o(.data)
    magY_min                                 0x20000130   Data           4  main.o(.data)
    .data                                    0x20000144   Section       28  usbd_desc.o(.data)
    .data                                    0x20000160   Section       22  usbd_desc.o(.data)
    .data                                    0x20000176   Section        1  usbd_cdc_if.o(.data)
    .data                                    0x20000178   Section       16  usbd_cdc_if.o(.data)
    .data                                    0x20000188   Section       36  imu9dof.o(.data)
    pitch                                    0x20000188   Data           4  imu9dof.o(.data)
    roll                                     0x2000018c   Data           4  imu9dof.o(.data)
    yaw                                      0x20000190   Data           4  imu9dof.o(.data)
    bias_pitch                               0x20000194   Data           4  imu9dof.o(.data)
    bias_roll                                0x20000198   Data           4  imu9dof.o(.data)
    bias_yaw                                 0x2000019c   Data           4  imu9dof.o(.data)
    .data                                    0x200001ac   Section        6  lsm303dlhc.o(.data)
    buffer                                   0x200001ac   Data           6  lsm303dlhc.o(.data)
    .data                                    0x200001b4   Section        8  pid_controller.o(.data)
    .data                                    0x200001bc   Section        4  errno.o(.data)
    _errno                                   0x200001bc   Data           4  errno.o(.data)
    .bss                                     0x200001c0   Section      412  main.o(.bss)
    .bss                                     0x2000035c   Section       64  main.o(.bss)
    .bss                                     0x2000039c   Section      512  usbd_desc.o(.bss)
    .bss                                     0x2000059c   Section      548  usb_device.o(.bss)
    .bss                                     0x200007c0   Section     1480  usbd_conf.o(.bss)
    mem                                      0x200007c0   Data         544  usbd_conf.o(.bss)
    .bss                                     0x20000d88   Section       12  stm32f3xx_it.o(.bss)
    .bss                                     0x20000d94   Section      128  usbd_cdc_if.o(.bss)
    .bss                                     0x20000e14   Section       48  imu9dof.o(.bss)
    P_pitch                                  0x20000e14   Data          16  imu9dof.o(.bss)
    P_roll                                   0x20000e24   Data          16  imu9dof.o(.bss)
    P_yaw                                    0x20000e34   Data          16  imu9dof.o(.bss)
    STACK                                    0x20000e48   Section     1024  startup_stm32f303xc.o(STACK)

    Global Symbols

    Symbol Name                              Value     Ov Type        Size  Object(Section)

    BuildAttributes$$THM_ISAv4$E$P$D$K$B$S$7EM$VFPi3$EXTD16$VFPS$VFMA$PE$A:L22UL41UL21$X:L11$S22US41US21$IEEE1$IW$USESV6$~STKCKD$USESV7$~SHL$OTIME$ROPI$IEEEX$EBA8$MICROLIB$REQ8$PRES8$EABIv2 0x00000000   Number         0  anon$$obj.o ABSOLUTE
    __ARM_use_no_argv                        0x00000000   Number         0  main.o ABSOLUTE
    _printf_a                                0x00000000   Number         0  stubs.o ABSOLUTE
    _printf_c                                0x00000000   Number         0  stubs.o ABSOLUTE
    _printf_charcount                        0x00000000   Number         0  stubs.o ABSOLUTE
    _printf_d                                0x00000000   Number         0  stubs.o ABSOLUTE
    _printf_e                                0x00000000   Number         0  stubs.o ABSOLUTE
    _printf_f                                0x00000000   Number         0  stubs.o ABSOLUTE
    _printf_flags                            0x00000000   Number         0  stubs.o ABSOLUTE
    _printf_fp_dec                           0x00000000   Number         0  stubs.o ABSOLUTE
    _printf_fp_hex                           0x00000000   Number         0  stubs.o ABSOLUTE
    _printf_g                                0x00000000   Number         0  stubs.o ABSOLUTE
    _printf_i                                0x00000000   Number         0  stubs.o ABSOLUTE
    _printf_int_dec                          0x00000000   Number         0  stubs.o ABSOLUTE
    _printf_l                                0x00000000   Number         0  stubs.o ABSOLUTE
    _printf_lc                               0x00000000   Number         0  stubs.o ABSOLUTE
    _printf_ll                               0x00000000   Number         0  stubs.o ABSOLUTE
    _printf_lld                              0x00000000   Number         0  stubs.o ABSOLUTE
    _printf_lli                              0x00000000   Number         0  stubs.o ABSOLUTE
    _printf_llo                              0x00000000   Number         0  stubs.o ABSOLUTE
    _printf_llu                              0x00000000   Number         0  stubs.o ABSOLUTE
    _printf_llx                              0x00000000   Number         0  stubs.o ABSOLUTE
    _printf_longlong_dec                     0x00000000   Number         0  stubs.o ABSOLUTE
    _printf_longlong_hex                     0x00000000   Number         0  stubs.o ABSOLUTE
    _printf_longlong_oct                     0x00000000   Number         0  stubs.o ABSOLUTE
    _printf_ls                               0x00000000   Number         0  stubs.o ABSOLUTE
    _printf_mbtowc                           0x00000000   Number         0  stubs.o ABSOLUTE
    _printf_n                                0x00000000   Number         0  stubs.o ABSOLUTE
    _printf_o                                0x00000000   Number         0  stubs.o ABSOLUTE
    _printf_p                                0x00000000   Number         0  stubs.o ABSOLUTE
    _printf_percent                          0x00000000   Number         0  stubs.o ABSOLUTE
    _printf_pre_padding                      0x00000000   Number         0  stubs.o ABSOLUTE
    _printf_return_value                     0x00000000   Number         0  stubs.o ABSOLUTE
    _printf_s                                0x00000000   Number         0  stubs.o ABSOLUTE
    _printf_sizespec                         0x00000000   Number         0  stubs.o ABSOLUTE
    _printf_str                              0x00000000   Number         0  stubs.o ABSOLUTE
    _printf_truncate_signed                  0x00000000   Number         0  stubs.o ABSOLUTE
    _printf_truncate_unsigned                0x00000000   Number         0  stubs.o ABSOLUTE
    _printf_u                                0x00000000   Number         0  stubs.o ABSOLUTE
    _printf_wc                               0x00000000   Number         0  stubs.o ABSOLUTE
    _printf_wctomb                           0x00000000   Number         0  stubs.o ABSOLUTE
    _printf_widthprec                        0x00000000   Number         0  stubs.o ABSOLUTE
    _printf_x                                0x00000000   Number         0  stubs.o ABSOLUTE
    __cpp_initialize__aeabi_                  - Undefined Weak Reference
    __cxa_finalize                            - Undefined Weak Reference
    _clock_init                               - Undefined Weak Reference
    _microlib_exit                            - Undefined Weak Reference
    __Vectors_Size                           0x00000188   Number         0  startup_stm32f303xc.o ABSOLUTE
    __Vectors                                0x08000000   Data           4  startup_stm32f303xc.o(RESET)
    __Vectors_End                            0x08000188   Data           0  startup_stm32f303xc.o(RESET)
    __main                                   0x08000189   Thumb Code     0  entry.o(.ARM.Collect$$$$00000000)
    _main_stk                                0x08000189   Thumb Code     0  entry2.o(.ARM.Collect$$$$00000001)
    _main_scatterload                        0x0800018d   Thumb Code     0  entry5.o(.ARM.Collect$$$$00000004)
    __main_after_scatterload                 0x08000191   Thumb Code     0  entry5.o(.ARM.Collect$$$$00000004)
    _main_clock                              0x08000191   Thumb Code     0  entry7b.o(.ARM.Collect$$$$00000008)
    _main_cpp_init                           0x08000191   Thumb Code     0  entry8b.o(.ARM.Collect$$$$0000000A)
    _main_init                               0x08000191   Thumb Code     0  entry9a.o(.ARM.Collect$$$$0000000B)
    __rt_final_cpp                           0x08000199   Thumb Code     0  entry10a.o(.ARM.Collect$$$$0000000D)
    __rt_final_exit                          0x08000199   Thumb Code     0  entry11a.o(.ARM.Collect$$$$0000000F)
    Reset_Handler                            0x0800019d   Thumb Code     8  startup_stm32f303xc.o(.text)
    ADC1_2_IRQHandler                        0x080001b7   Thumb Code     0  startup_stm32f303xc.o(.text)
    ADC3_IRQHandler                          0x080001b7   Thumb Code     0  startup_stm32f303xc.o(.text)
    ADC4_IRQHandler                          0x080001b7   Thumb Code     0  startup_stm32f303xc.o(.text)
    CAN_RX1_IRQHandler                       0x080001b7   Thumb Code     0  startup_stm32f303xc.o(.text)
    CAN_SCE_IRQHandler                       0x080001b7   Thumb Code     0  startup_stm32f303xc.o(.text)
    COMP1_2_3_IRQHandler                     0x080001b7   Thumb Code     0  startup_stm32f303xc.o(.text)
    COMP4_5_6_IRQHandler                     0x080001b7   Thumb Code     0  startup_stm32f303xc.o(.text)
    COMP7_IRQHandler                         0x080001b7   Thumb Code     0  startup_stm32f303xc.o(.text)
    DMA1_Channel1_IRQHandler                 0x080001b7   Thumb Code     0  startup_stm32f303xc.o(.text)
    DMA1_Channel2_IRQHandler                 0x080001b7   Thumb Code     0  startup_stm32f303xc.o(.text)
    DMA1_Channel3_IRQHandler                 0x080001b7   Thumb Code     0  startup_stm32f303xc.o(.text)
    DMA1_Channel4_IRQHandler                 0x080001b7   Thumb Code     0  startup_stm32f303xc.o(.text)
    DMA1_Channel5_IRQHandler                 0x080001b7   Thumb Code     0  startup_stm32f303xc.o(.text)
    DMA1_Channel6_IRQHandler                 0x080001b7   Thumb Code     0  startup_stm32f303xc.o(.text)
    DMA1_Channel7_IRQHandler                 0x080001b7   Thumb Code     0  startup_stm32f303xc.o(.text)
    DMA2_Channel1_IRQHandler                 0x080001b7   Thumb Code     0  startup_stm32f303xc.o(.text)
    DMA2_Channel2_IRQHandler                 0x080001b7   Thumb Code     0  startup_stm32f303xc.o(.text)
    DMA2_Channel3_IRQHandler                 0x080001b7   Thumb Code     0  startup_stm32f303xc.o(.text)
    DMA2_Channel4_IRQHandler                 0x080001b7   Thumb Code     0  startup_stm32f303xc.o(.text)
    DMA2_Channel5_IRQHandler                 0x080001b7   Thumb Code     0  startup_stm32f303xc.o(.text)
    EXTI0_IRQHandler                         0x080001b7   Thumb Code     0  startup_stm32f303xc.o(.text)
    EXTI15_10_IRQHandler                     0x080001b7   Thumb Code     0  startup_stm32f303xc.o(.text)
    EXTI1_IRQHandler                         0x080001b7   Thumb Code     0  startup_stm32f303xc.o(.text)
    EXTI2_TSC_IRQHandler                     0x080001b7   Thumb Code     0  startup_stm32f303xc.o(.text)
    EXTI3_IRQHandler                         0x080001b7   Thumb Code     0  startup_stm32f303xc.o(.text)
    EXTI4_IRQHandler                         0x080001b7   Thumb Code     0  startup_stm32f303xc.o(.text)
    EXTI9_5_IRQHandler                       0x080001b7   Thumb Code     0  startup_stm32f303xc.o(.text)
    FLASH_IRQHandler                         0x080001b7   Thumb Code     0  startup_stm32f303xc.o(.text)
    FPU_IRQHandler                           0x080001b7   Thumb Code     0  startup_stm32f303xc.o(.text)
    I2C1_ER_IRQHandler                       0x080001b7   Thumb Code     0  startup_stm32f303xc.o(.text)
    I2C1_EV_IRQHandler                       0x080001b7   Thumb Code     0  startup_stm32f303xc.o(.text)
    I2C2_ER_IRQHandler                       0x080001b7   Thumb Code     0  startup_stm32f303xc.o(.text)
    I2C2_EV_IRQHandler                       0x080001b7   Thumb Code     0  startup_stm32f303xc.o(.text)
    PVD_IRQHandler                           0x080001b7   Thumb Code     0  startup_stm32f303xc.o(.text)
    RCC_IRQHandler                           0x080001b7   Thumb Code     0  startup_stm32f303xc.o(.text)
    RTC_Alarm_IRQHandler                     0x080001b7   Thumb Code     0  startup_stm32f303xc.o(.text)
    RTC_WKUP_IRQHandler                      0x080001b7   Thumb Code     0  startup_stm32f303xc.o(.text)
    SPI2_IRQHandler                          0x080001b7   Thumb Code     0  startup_stm32f303xc.o(.text)
    SPI3_IRQHandler                          0x080001b7   Thumb Code     0  startup_stm32f303xc.o(.text)
    TAMP_STAMP_IRQHandler                    0x080001b7   Thumb Code     0  startup_stm32f303xc.o(.text)
    TIM1_BRK_TIM15_IRQHandler                0x080001b7   Thumb Code     0  startup_stm32f303xc.o(.text)
    TIM1_CC_IRQHandler                       0x080001b7   Thumb Code     0  startup_stm32f303xc.o(.text)
    TIM1_TRG_COM_TIM17_IRQHandler            0x080001b7   Thumb Code     0  startup_stm32f303xc.o(.text)
    TIM1_UP_TIM16_IRQHandler                 0x080001b7   Thumb Code     0  startup_stm32f303xc.o(.text)
    TIM2_IRQHandler                          0x080001b7   Thumb Code     0  startup_stm32f303xc.o(.text)
    TIM3_IRQHandler                          0x080001b7   Thumb Code     0  startup_stm32f303xc.o(.text)
    TIM4_IRQHandler                          0x080001b7   Thumb Code     0  startup_stm32f303xc.o(.text)
    TIM6_DAC_IRQHandler                      0x080001b7   Thumb Code     0  startup_stm32f303xc.o(.text)
    TIM7_IRQHandler                          0x080001b7   Thumb Code     0  startup_stm32f303xc.o(.text)
    TIM8_BRK_IRQHandler                      0x080001b7   Thumb Code     0  startup_stm32f303xc.o(.text)
    TIM8_CC_IRQHandler                       0x080001b7   Thumb Code     0  startup_stm32f303xc.o(.text)
    TIM8_TRG_COM_IRQHandler                  0x080001b7   Thumb Code     0  startup_stm32f303xc.o(.text)
    TIM8_UP_IRQHandler                       0x080001b7   Thumb Code     0  startup_stm32f303xc.o(.text)
    UART4_IRQHandler                         0x080001b7   Thumb Code     0  startup_stm32f303xc.o(.text)
    UART5_IRQHandler                         0x080001b7   Thumb Code     0  startup_stm32f303xc.o(.text)
    USART1_IRQHandler                        0x080001b7   Thumb Code     0  startup_stm32f303xc.o(.text)
    USART2_IRQHandler                        0x080001b7   Thumb Code     0  startup_stm32f303xc.o(.text)
    USART3_IRQHandler                        0x080001b7   Thumb Code     0  startup_stm32f303xc.o(.text)
    USBWakeUp_IRQHandler                     0x080001b7   Thumb Code     0  startup_stm32f303xc.o(.text)
    USBWakeUp_RMP_IRQHandler                 0x080001b7   Thumb Code     0  startup_stm32f303xc.o(.text)
    USB_HP_CAN_TX_IRQHandler                 0x080001b7   Thumb Code     0  startup_stm32f303xc.o(.text)
    USB_HP_IRQHandler                        0x080001b7   Thumb Code     0  startup_stm32f303xc.o(.text)
    USB_LP_IRQHandler                        0x080001b7   Thumb Code     0  startup_stm32f303xc.o(.text)
    WWDG_IRQHandler                          0x080001b7   Thumb Code     0  startup_stm32f303xc.o(.text)
    __aeabi_llsr                             0x080001c1   Thumb Code    32  llushr.o(.text)
    _ll_ushift_r                             0x080001c1   Thumb Code     0  llushr.o(.text)
    __aeabi_memcpy                           0x080001e1   Thumb Code    36  memcpya.o(.text)
    __aeabi_memcpy4                          0x080001e1   Thumb Code     0  memcpya.o(.text)
    __aeabi_memcpy8                          0x080001e1   Thumb Code     0  memcpya.o(.text)
    strlen                                   0x08000205   Thumb Code    14  strlen.o(.text)
    __aeabi_dmul                             0x08000213   Thumb Code   228  dmul.o(.text)
    __aeabi_ddiv                             0x080002f7   Thumb Code   222  ddiv.o(.text)
    __aeabi_ui2d                             0x080003d5   Thumb Code    26  dfltui.o(.text)
    __aeabi_f2d                              0x080003ef   Thumb Code    38  f2d.o(.text)
    __aeabi_d2f                              0x08000415   Thumb Code    56  d2f.o(.text)
    __aeabi_uidiv                            0x0800044d   Thumb Code     0  uidiv.o(.text)
    __aeabi_uidivmod                         0x0800044d   Thumb Code    44  uidiv.o(.text)
    __aeabi_uldivmod                         0x08000479   Thumb Code    98  uldiv.o(.text)
    __I$use$fp                               0x080004db   Thumb Code     0  iusefp.o(.text)
    _float_round                             0x080004db   Thumb Code    18  fepilogue.o(.text)
    _float_epilogue                          0x080004ed   Thumb Code    92  fepilogue.o(.text)
    _double_round                            0x08000549   Thumb Code    30  depilogue.o(.text)
    _double_epilogue                         0x08000567   Thumb Code   156  depilogue.o(.text)
    __aeabi_dadd                             0x08000603   Thumb Code   322  dadd.o(.text)
    __aeabi_dsub                             0x08000745   Thumb Code     6  dadd.o(.text)
    __aeabi_drsub                            0x0800074b   Thumb Code     6  dadd.o(.text)
    _dsqrt                                   0x08000751   Thumb Code   162  dsqrt.o(.text)
    __aeabi_d2ulz                            0x080007f3   Thumb Code    48  dfixul.o(.text)
    __aeabi_cdrcmple                         0x08000825   Thumb Code    48  cdrcmple.o(.text)
    __scatterload                            0x08000855   Thumb Code    28  init.o(.text)
    __scatterload_rt2                        0x08000855   Thumb Code     0  init.o(.text)
    __aeabi_llsl                             0x08000879   Thumb Code    30  llshl.o(.text)
    _ll_shift_l                              0x08000879   Thumb Code     0  llshl.o(.text)
    __aeabi_lasr                             0x08000897   Thumb Code    36  llsshr.o(.text)
    _ll_sshift_r                             0x08000897   Thumb Code     0  llsshr.o(.text)
    __decompress                             0x080008bb   Thumb Code     0  __dczerorl2.o(.text)
    __decompress1                            0x080008bb   Thumb Code    86  __dczerorl2.o(.text)
    BusFault_Handler                         0x08000911   Thumb Code     2  stm32f3xx_it.o(i.BusFault_Handler)
    CDC_Transmit_FS                          0x08000985   Thumb Code    52  usbd_cdc_if.o(i.CDC_Transmit_FS)
    DebugMon_Handler                         0x080009c1   Thumb Code     2  stm32f3xx_it.o(i.DebugMon_Handler)
    Error_Handler                            0x080009c3   Thumb Code     2  main.o(i.Error_Handler)
    HAL_Delay                                0x080009c5   Thumb Code    22  stm32f3xx_hal.o(i.HAL_Delay)
    HAL_GPIO_Init                            0x080009dd   Thumb Code   364  stm32f3xx_hal_gpio.o(i.HAL_GPIO_Init)
    HAL_GPIO_ReadPin                         0x08000b65   Thumb Code    10  stm32f3xx_hal_gpio.o(i.HAL_GPIO_ReadPin)
    HAL_GPIO_WritePin                        0x08000b6f   Thumb Code    10  stm32f3xx_hal_gpio.o(i.HAL_GPIO_WritePin)
    HAL_GetTick                              0x08000b79   Thumb Code     6  stm32f3xx_hal.o(i.HAL_GetTick)
    HAL_I2CEx_ConfigAnalogFilter             0x08000b85   Thumb Code    86  stm32f3xx_hal_i2c_ex.o(i.HAL_I2CEx_ConfigAnalogFilter)
    HAL_I2C_Init                             0x08000bdd   Thumb Code   170  stm32f3xx_hal_i2c.o(i.HAL_I2C_Init)
    HAL_I2C_Mem_Read                         0x08000c8d   Thumb Code   360  stm32f3xx_hal_i2c.o(i.HAL_I2C_Mem_Read)
    HAL_I2C_Mem_Write                        0x08000df9   Thumb Code   354  stm32f3xx_hal_i2c.o(i.HAL_I2C_Mem_Write)
    HAL_I2C_MspInit                          0x08000f61   Thumb Code    62  stm32f3xx_hal_msp.o(i.HAL_I2C_MspInit)
    HAL_IncTick                              0x08000fad   Thumb Code    10  stm32f3xx_hal.o(i.HAL_IncTick)
    HAL_Init                                 0x08000fbd   Thumb Code    32  stm32f3xx_hal.o(i.HAL_Init)
    HAL_InitTick                             0x08000fe1   Thumb Code    34  stm32f3xx_hal.o(i.HAL_InitTick)
    HAL_MspInit                              0x08001009   Thumb Code   106  stm32f3xx_hal_msp.o(i.HAL_MspInit)
    HAL_NVIC_EnableIRQ                       0x08001079   Thumb Code    22  stm32f3xx_hal_cortex.o(i.HAL_NVIC_EnableIRQ)
    HAL_NVIC_SetPriority                     0x08001091   Thumb Code    60  stm32f3xx_hal_cortex.o(i.HAL_NVIC_SetPriority)
    HAL_NVIC_SetPriorityGrouping             0x080010d1   Thumb Code    26  stm32f3xx_hal_cortex.o(i.HAL_NVIC_SetPriorityGrouping)
    HAL_PCDEx_PMAConfig                      0x080010f5   Thumb Code    60  stm32f3xx_hal_pcd_ex.o(i.HAL_PCDEx_PMAConfig)
    HAL_PCDEx_SetConnectionState             0x08001131   Thumb Code     2  usbd_conf.o(i.HAL_PCDEx_SetConnectionState)
    HAL_PCD_DataInStageCallback              0x08001133   Thumb Code    18  usbd_conf.o(i.HAL_PCD_DataInStageCallback)
    HAL_PCD_DataOutStageCallback             0x08001145   Thumb Code    20  usbd_conf.o(i.HAL_PCD_DataOutStageCallback)
    HAL_PCD_EP_Close                         0x08001159   Thumb Code   386  stm32f3xx_hal_pcd.o(i.HAL_PCD_EP_Close)
    HAL_PCD_EP_ClrStall                      0x080012db   Thumb Code   176  stm32f3xx_hal_pcd.o(i.HAL_PCD_EP_ClrStall)
    HAL_PCD_EP_GetRxCount                    0x0800138b   Thumb Code    20  stm32f3xx_hal_pcd.o(i.HAL_PCD_EP_GetRxCount)
    HAL_PCD_EP_Open                          0x0800139f   Thumb Code   764  stm32f3xx_hal_pcd.o(i.HAL_PCD_EP_Open)
    HAL_PCD_EP_Receive                       0x0800169b   Thumb Code   230  stm32f3xx_hal_pcd.o(i.HAL_PCD_EP_Receive)
    HAL_PCD_EP_SetStall                      0x08001781   Thumb Code   138  stm32f3xx_hal_pcd.o(i.HAL_PCD_EP_SetStall)
    HAL_PCD_EP_Transmit                      0x0800180b   Thumb Code   230  stm32f3xx_hal_pcd.o(i.HAL_PCD_EP_Transmit)
    HAL_PCD_IRQHandler                       0x080018f1   Thumb Code   252  stm32f3xx_hal_pcd.o(i.HAL_PCD_IRQHandler)
    HAL_PCD_Init                             0x080019ed   Thumb Code   166  stm32f3xx_hal_pcd.o(i.HAL_PCD_Init)
    HAL_PCD_MspInit                          0x08001a95   Thumb Code    82  usbd_conf.o(i.HAL_PCD_MspInit)
    HAL_PCD_ResetCallback                    0x08001af1   Thumb Code    26  usbd_conf.o(i.HAL_PCD_ResetCallback)
    HAL_PCD_ResumeCallback                   0x08001b0b   Thumb Code     8  usbd_conf.o(i.HAL_PCD_ResumeCallback)
    HAL_PCD_SOFCallback                      0x08001b13   Thumb Code     8  usbd_conf.o(i.HAL_PCD_SOFCallback)
    HAL_PCD_SetAddress                       0x08001b1b   Thumb Code    44  stm32f3xx_hal_pcd.o(i.HAL_PCD_SetAddress)
    HAL_PCD_SetupStageCallback               0x08001b47   Thumb Code    14  usbd_conf.o(i.HAL_PCD_SetupStageCallback)
    HAL_PCD_Start                            0x08001b55   Thumb Code    12  stm32f3xx_hal_pcd.o(i.HAL_PCD_Start)
    HAL_PCD_SuspendCallback                  0x08001b61   Thumb Code    30  usbd_conf.o(i.HAL_PCD_SuspendCallback)
    HAL_RCCEx_PeriphCLKConfig                0x08001b85   Thumb Code   522  stm32f3xx_hal_rcc_ex.o(i.HAL_RCCEx_PeriphCLKConfig)
    HAL_RCC_ClockConfig                      0x08001d9d   Thumb Code   374  stm32f3xx_hal_rcc.o(i.HAL_RCC_ClockConfig)
    HAL_RCC_GetHCLKFreq                      0x08001f25   Thumb Code     6  stm32f3xx_hal_rcc.o(i.HAL_RCC_GetHCLKFreq)
    HAL_RCC_GetSysClockFreq                  0x08001f31   Thumb Code    84  stm32f3xx_hal_rcc.o(i.HAL_RCC_GetSysClockFreq)
    HAL_RCC_OscConfig                        0x08001f95   Thumb Code  1452  stm32f3xx_hal_rcc.o(i.HAL_RCC_OscConfig)
    HAL_SPI_ErrorCallback                    0x08002541   Thumb Code     2  stm32f3xx_hal_spi.o(i.HAL_SPI_ErrorCallback)
    HAL_SPI_IRQHandler                       0x08002543   Thumb Code   138  stm32f3xx_hal_spi.o(i.HAL_SPI_IRQHandler)
    HAL_SPI_Init                             0x080025cd   Thumb Code   192  stm32f3xx_hal_spi.o(i.HAL_SPI_Init)
    HAL_SPI_MspInit                          0x0800268d   Thumb Code    80  stm32f3xx_hal_msp.o(i.HAL_SPI_MspInit)
    HAL_SPI_TransmitReceive                  0x080026e5   Thumb Code   698  stm32f3xx_hal_spi.o(i.HAL_SPI_TransmitReceive)
    HAL_SYSTICK_CLKSourceConfig              0x0800299f   Thumb Code    24  stm32f3xx_hal_cortex.o(i.HAL_SYSTICK_CLKSourceConfig)
    HAL_SYSTICK_Callback                     0x080029b7   Thumb Code     2  stm32f3xx_hal_cortex.o(i.HAL_SYSTICK_Callback)
    HAL_SYSTICK_Config                       0x080029b9   Thumb Code    40  stm32f3xx_hal_cortex.o(i.HAL_SYSTICK_Config)
    HAL_SYSTICK_IRQHandler                   0x080029e1   Thumb Code     8  stm32f3xx_hal_cortex.o(i.HAL_SYSTICK_IRQHandler)
    HAL_TIMEx_ConfigBreakDeadTime            0x080029e9   Thumb Code   126  stm32f3xx_hal_tim_ex.o(i.HAL_TIMEx_ConfigBreakDeadTime)
    HAL_TIMEx_MasterConfigSynchronization    0x08002a71   Thumb Code    78  stm32f3xx_hal_tim_ex.o(i.HAL_TIMEx_MasterConfigSynchronization)
    HAL_TIM_Base_Init                        0x08002ac9   Thumb Code    54  stm32f3xx_hal_tim.o(i.HAL_TIM_Base_Init)
    HAL_TIM_Base_MspInit                     0x08002b01   Thumb Code    30  stm32f3xx_hal_msp.o(i.HAL_TIM_Base_MspInit)
    HAL_TIM_ConfigClockSource                0x08002b29   Thumb Code   246  stm32f3xx_hal_tim.o(i.HAL_TIM_ConfigClockSource)
    HAL_TIM_MspPostInit                      0x08002c25   Thumb Code    42  stm32f3xx_hal_msp.o(i.HAL_TIM_MspPostInit)
    HAL_TIM_PWM_ConfigChannel                0x08002c59   Thumb Code   296  stm32f3xx_hal_tim_ex.o(i.HAL_TIM_PWM_ConfigChannel)
    HAL_TIM_PWM_Init                         0x08002d81   Thumb Code    54  stm32f3xx_hal_tim.o(i.HAL_TIM_PWM_Init)
    HAL_TIM_PWM_MspInit                      0x08002db7   Thumb Code     2  stm32f3xx_hal_tim.o(i.HAL_TIM_PWM_MspInit)
    HAL_TIM_PWM_Start                        0x08002db9   Thumb Code    66  stm32f3xx_hal_tim.o(i.HAL_TIM_PWM_Start)
    HardFault_Handler                        0x08002e11   Thumb Code     2  stm32f3xx_it.o(i.HardFault_Handler)
    MX_USB_DEVICE_Init                       0x080032cd   Thumb Code    38  usb_device.o(i.MX_USB_DEVICE_Init)
    MemManage_Handler                        0x08003305   Thumb Code     2  stm32f3xx_it.o(i.MemManage_Handler)
    NMI_Handler                              0x08003307   Thumb Code     2  stm32f3xx_it.o(i.NMI_Handler)
    PCD_ReadPMA                              0x08003691   Thumb Code    30  stm32f3xx_hal_pcd_ex.o(i.PCD_ReadPMA)
    PCD_WritePMA                             0x080036af   Thumb Code    38  stm32f3xx_hal_pcd_ex.o(i.PCD_WritePMA)
    PID_Controller                           0x080036d5   Thumb Code    78  pid_controller.o(i.PID_Controller)
    PendSV_Handler                           0x08003729   Thumb Code     2  stm32f3xx_it.o(i.PendSV_Handler)
    SPI1_IRQHandler                          0x0800372d   Thumb Code     6  stm32f3xx_it.o(i.SPI1_IRQHandler)
    SVC_Handler                              0x08003899   Thumb Code     2  stm32f3xx_it.o(i.SVC_Handler)
    SysTick_Handler                          0x0800389d   Thumb Code    98  stm32f3xx_it.o(i.SysTick_Handler)
    SystemClock_Config                       0x08003929   Thumb Code   132  main.o(i.SystemClock_Config)
    SystemInit                               0x080039b1   Thumb Code    82  system_stm32f3xx.o(i.SystemInit)
    TIM_Base_SetConfig                       0x08003a19   Thumb Code   138  stm32f3xx_hal_tim.o(i.TIM_Base_SetConfig)
    TIM_CCxChannelCmd                        0x08003ac1   Thumb Code    22  stm32f3xx_hal_tim.o(i.TIM_CCxChannelCmd)
    TIM_ETR_SetConfig                        0x08003ad7   Thumb Code    20  stm32f3xx_hal_tim.o(i.TIM_ETR_SetConfig)
    TIM_OC1_SetConfig                        0x08003afd   Thumb Code   132  stm32f3xx_hal_tim.o(i.TIM_OC1_SetConfig)
    TIM_OC2_SetConfig                        0x08003b99   Thumb Code   120  stm32f3xx_hal_tim.o(i.TIM_OC2_SetConfig)
    TIM_OC3_SetConfig                        0x08003c29   Thumb Code   118  stm32f3xx_hal_tim.o(i.TIM_OC3_SetConfig)
    TIM_OC4_SetConfig                        0x08003cb9   Thumb Code    92  stm32f3xx_hal_tim.o(i.TIM_OC4_SetConfig)
    USBD_CDC_GetDeviceQualifierDescriptor    0x08003ef5   Thumb Code     8  usbd_cdc.o(i.USBD_CDC_GetDeviceQualifierDescriptor)
    USBD_CDC_ReceivePacket                   0x08003fad   Thumb Code    40  usbd_cdc.o(i.USBD_CDC_ReceivePacket)
    USBD_CDC_RegisterInterface               0x08003fd5   Thumb Code    16  usbd_cdc.o(i.USBD_CDC_RegisterInterface)
    USBD_CDC_SetRxBuffer                     0x08003fe5   Thumb Code    12  usbd_cdc.o(i.USBD_CDC_SetRxBuffer)
    USBD_CDC_SetTxBuffer                     0x08003ff1   Thumb Code    16  usbd_cdc.o(i.USBD_CDC_SetTxBuffer)
    USBD_CDC_TransmitPacket                  0x08004071   Thumb Code    48  usbd_cdc.o(i.USBD_CDC_TransmitPacket)
    USBD_ClrClassConfig                      0x080040a1   Thumb Code    14  usbd_core.o(i.USBD_ClrClassConfig)
    USBD_CtlContinueRx                       0x080040af   Thumb Code    16  usbd_ioreq.o(i.USBD_CtlContinueRx)
    USBD_CtlContinueSendData                 0x080040bf   Thumb Code    16  usbd_ioreq.o(i.USBD_CtlContinueSendData)
    USBD_CtlError                            0x080040cf   Thumb Code    22  usbd_ctlreq.o(i.USBD_CtlError)
    USBD_CtlPrepareRx                        0x080040e5   Thumb Code    30  usbd_ioreq.o(i.USBD_CtlPrepareRx)
    USBD_CtlReceiveStatus                    0x08004103   Thumb Code    22  usbd_ioreq.o(i.USBD_CtlReceiveStatus)
    USBD_CtlSendData                         0x08004119   Thumb Code    26  usbd_ioreq.o(i.USBD_CtlSendData)
    USBD_CtlSendStatus                       0x08004133   Thumb Code    22  usbd_ioreq.o(i.USBD_CtlSendStatus)
    USBD_FS_ConfigStrDescriptor              0x08004149   Thumb Code    16  usbd_desc.o(i.USBD_FS_ConfigStrDescriptor)
    USBD_FS_DeviceDescriptor                 0x08004169   Thumb Code     8  usbd_desc.o(i.USBD_FS_DeviceDescriptor)
    USBD_FS_InterfaceStrDescriptor           0x08004175   Thumb Code    16  usbd_desc.o(i.USBD_FS_InterfaceStrDescriptor)
    USBD_FS_LangIDStrDescriptor              0x08004199   Thumb Code     8  usbd_desc.o(i.USBD_FS_LangIDStrDescriptor)
    USBD_FS_ManufacturerStrDescriptor        0x080041a5   Thumb Code    16  usbd_desc.o(i.USBD_FS_ManufacturerStrDescriptor)
    USBD_FS_ProductStrDescriptor             0x080041cd   Thumb Code    16  usbd_desc.o(i.USBD_FS_ProductStrDescriptor)
    USBD_FS_SerialStrDescriptor              0x080041f9   Thumb Code    16  usbd_desc.o(i.USBD_FS_SerialStrDescriptor)
    USBD_GetString                           0x080042fd   Thumb Code    70  usbd_ctlreq.o(i.USBD_GetString)
    USBD_Init                                0x08004343   Thumb Code    42  usbd_core.o(i.USBD_Init)
    USBD_LL_ClearStallEP                     0x0800436d   Thumb Code    14  usbd_conf.o(i.USBD_LL_ClearStallEP)
    USBD_LL_CloseEP                          0x0800437b   Thumb Code    14  usbd_conf.o(i.USBD_LL_CloseEP)
    USBD_LL_DataInStage                      0x08004389   Thumb Code   170  usbd_core.o(i.USBD_LL_DataInStage)
    USBD_LL_DataOutStage                     0x08004433   Thumb Code   106  usbd_core.o(i.USBD_LL_DataOutStage)
    USBD_LL_GetRxDataSize                    0x0800449d   Thumb Code     8  usbd_conf.o(i.USBD_LL_GetRxDataSize)
    USBD_LL_Init                             0x080044a5   Thumb Code   122  usbd_conf.o(i.USBD_LL_Init)
    USBD_LL_IsStallEP                        0x08004529   Thumb Code    32  usbd_conf.o(i.USBD_LL_IsStallEP)
    USBD_LL_OpenEP                           0x08004549   Thumb Code    20  usbd_conf.o(i.USBD_LL_OpenEP)
    USBD_LL_PrepareReceive                   0x0800455d   Thumb Code    14  usbd_conf.o(i.USBD_LL_PrepareReceive)
    USBD_LL_Reset                            0x0800456b   Thumb Code    62  usbd_core.o(i.USBD_LL_Reset)
    USBD_LL_Resume                           0x080045a9   Thumb Code    12  usbd_core.o(i.USBD_LL_Resume)
    USBD_LL_SOF                              0x080045b5   Thumb Code    24  usbd_core.o(i.USBD_LL_SOF)
    USBD_LL_SetSpeed                         0x080045cd   Thumb Code     6  usbd_core.o(i.USBD_LL_SetSpeed)
    USBD_LL_SetUSBAddress                    0x080045d3   Thumb Code    14  usbd_conf.o(i.USBD_LL_SetUSBAddress)
    USBD_LL_SetupStage                       0x080045e1   Thumb Code    90  usbd_core.o(i.USBD_LL_SetupStage)
    USBD_LL_StallEP                          0x0800463b   Thumb Code    14  usbd_conf.o(i.USBD_LL_StallEP)
    USBD_LL_Start                            0x08004649   Thumb Code    14  usbd_conf.o(i.USBD_LL_Start)
    USBD_LL_Suspend                          0x08004657   Thumb Code    18  usbd_core.o(i.USBD_LL_Suspend)
    USBD_LL_Transmit                         0x08004669   Thumb Code    14  usbd_conf.o(i.USBD_LL_Transmit)
    USBD_ParseSetupRequest                   0x08004677   Thumb Code    40  usbd_ctlreq.o(i.USBD_ParseSetupRequest)
    USBD_RegisterClass                       0x0800469f   Thumb Code    16  usbd_core.o(i.USBD_RegisterClass)
    USBD_SetClassConfig                      0x080046af   Thumb Code    22  usbd_core.o(i.USBD_SetClassConfig)
    USBD_Start                               0x08004739   Thumb Code    10  usbd_core.o(i.USBD_Start)
    USBD_StdDevReq                           0x08004743   Thumb Code   242  usbd_ctlreq.o(i.USBD_StdDevReq)
    USBD_StdEPReq                            0x08004835   Thumb Code   220  usbd_ctlreq.o(i.USBD_StdEPReq)
    USBD_StdItfReq                           0x08004911   Thumb Code    52  usbd_ctlreq.o(i.USBD_StdItfReq)
    USBD_static_free                         0x08004945   Thumb Code     2  usbd_conf.o(i.USBD_static_free)
    USBD_static_malloc                       0x08004949   Thumb Code     4  usbd_conf.o(i.USBD_static_malloc)
    USB_LP_CAN_RX0_IRQHandler                0x08004951   Thumb Code     6  stm32f3xx_it.o(i.USB_LP_CAN_RX0_IRQHandler)
    UsageFault_Handler                       0x0800495d   Thumb Code     2  stm32f3xx_it.o(i.UsageFault_Handler)
    __0sprintf                               0x08004961   Thumb Code    34  printfa.o(i.__0sprintf)
    __1sprintf                               0x08004961   Thumb Code     0  printfa.o(i.__0sprintf)
    __2sprintf                               0x08004961   Thumb Code     0  printfa.o(i.__0sprintf)
    __c89sprintf                             0x08004961   Thumb Code     0  printfa.o(i.__0sprintf)
    sprintf                                  0x08004961   Thumb Code     0  printfa.o(i.__0sprintf)
    __ARM_fpclassify                         0x08004989   Thumb Code    48  fpclassify.o(i.__ARM_fpclassify)
    __hardfp_atan                            0x080049b9   Thumb Code   622  atan.o(i.__hardfp_atan)
    __hardfp_atan2                           0x08004c91   Thumb Code   432  atan2.o(i.__hardfp_atan2)
    __hardfp_sqrt                            0x08004e81   Thumb Code   122  sqrt.o(i.__hardfp_sqrt)
    __kernel_poly                            0x08004efb   Thumb Code   248  poly.o(i.__kernel_poly)
    __mathlib_dbl_infnan                     0x08004ff3   Thumb Code    20  dunder.o(i.__mathlib_dbl_infnan)
    __mathlib_dbl_infnan2                    0x08005007   Thumb Code    20  dunder.o(i.__mathlib_dbl_infnan2)
    __mathlib_dbl_underflow                  0x08005021   Thumb Code    24  dunder.o(i.__mathlib_dbl_underflow)
    __scatterload_copy                       0x08005041   Thumb Code    14  handlers.o(i.__scatterload_copy)
    __scatterload_null                       0x0800504f   Thumb Code     2  handlers.o(i.__scatterload_null)
    __scatterload_zeroinit                   0x08005051   Thumb Code    14  handlers.o(i.__scatterload_zeroinit)
    __set_errno                              0x08005061   Thumb Code     6  errno.o(i.__set_errno)
    atan                                     0x08005929   Thumb Code    16  atan.o(i.atan)
    fabs                                     0x08005939   Thumb Code    24  fabs.o(i.fabs)
    imu9dof                                  0x08005951   Thumb Code   914  imu9dof.o(i.imu9dof)
    l3gd20_init                              0x08005d29   Thumb Code    84  l3gd20.o(i.l3gd20_init)
    l3gd20_read                              0x08005d7d   Thumb Code    74  l3gd20.o(i.l3gd20_read)
    l3gd20_readxyz                           0x08005dcd   Thumb Code   186  l3gd20.o(i.l3gd20_readxyz)
    l3gd20_reboot                            0x08005e99   Thumb Code    36  l3gd20.o(i.l3gd20_reboot)
    l3gd20_sendbyte                          0x08005ebd   Thumb Code    34  l3gd20.o(i.l3gd20_sendbyte)
    l3gd20_write                             0x08005ee5   Thumb Code    68  l3gd20.o(i.l3gd20_write)
    lsm_accxyz                               0x08005f2d   Thumb Code   264  lsm303dlhc.o(i.lsm_accxyz)
    lsm_init                                 0x08006039   Thumb Code    80  lsm303dlhc.o(i.lsm_init)
    lsm_magxyz                               0x08006089   Thumb Code   284  lsm303dlhc.o(i.lsm_magxyz)
    lsm_read                                 0x080061a9   Thumb Code    38  lsm303dlhc.o(i.lsm_read)
    lsm_reboot                               0x080061d5   Thumb Code    26  lsm303dlhc.o(i.lsm_reboot)
    lsm_write                                0x080061f1   Thumb Code    30  lsm303dlhc.o(i.lsm_write)
    main                                     0x08006215   Thumb Code   692  main.o(i.main)
    aPLLMULFactorTable                       0x08006520   Data          16  stm32f3xx_hal_rcc.o(.constdata)
    aPredivFactorTable                       0x08006530   Data          16  stm32f3xx_hal_rcc.o(.constdata)
    AHBPrescTable                            0x08006540   Data          16  system_stm32f3xx.o(.constdata)
    __mathlib_zero                           0x080065e8   Data           8  qnan.o(.constdata)
    Region$$Table$$Base                      0x080065f0   Number         0  anon$$obj.o(Region$$Table)
    Region$$Table$$Limit                     0x08006610   Number         0  anon$$obj.o(Region$$Table)
    uwTick                                   0x20000000   Data           4  stm32f3xx_hal.o(.data)
    SystemCoreClock                          0x20000004   Data           4  system_stm32f3xx.o(.data)
    USBD_CDC_CfgHSDesc                       0x20000018   Data          67  usbd_cdc.o(.data)
    USBD_CDC_CfgFSDesc                       0x2000005c   Data          67  usbd_cdc.o(.data)
    USBD_CDC_OtherSpeedCfgDesc               0x200000a0   Data          67  usbd_cdc.o(.data)
    USBD_CDC                                 0x200000e4   Data          56  usbd_cdc.o(.data)
    conhan                                   0x20000120   Data           1  main.o(.data)
    calib                                    0x20000121   Data           1  main.o(.data)
    pwm_value                                0x20000122   Data           2  main.o(.data)
    angle_set                                0x20000134   Data           4  main.o(.data)
    magX_bias                                0x20000138   Data           4  main.o(.data)
    magY_bias                                0x2000013c   Data           4  main.o(.data)
    xem                                      0x20000140   Data           4  main.o(.data)
    FS_Desc                                  0x20000144   Data          28  usbd_desc.o(.data)
    USBD_LangIDDesc                          0x20000160   Data           4  usbd_desc.o(.data)
    USBD_FS_DeviceDesc                       0x20000164   Data          18  usbd_desc.o(.data)
    _index                                   0x20000176   Data           1  usbd_cdc_if.o(.data)
    USBD_Interface_fops_FS                   0x20000178   Data          16  usbd_cdc_if.o(.data)
    pitch_qs                                 0x200001a0   Data           4  imu9dof.o(.data)
    roll_qs                                  0x200001a4   Data           4  imu9dof.o(.data)
    yaw_qs                                   0x200001a8   Data           4  imu9dof.o(.data)
    pre_error                                0x200001b4   Data           4  pid_controller.o(.data)
    interal                                  0x200001b8   Data           4  pid_controller.o(.data)
    hi2c1                                    0x200001c0   Data          76  main.o(.bss)
    hi2c2                                    0x2000020c   Data          76  main.o(.bss)
    hspi1                                    0x20000258   Data         100  main.o(.bss)
    htim1                                    0x200002bc   Data          60  main.o(.bss)
    GyroBuffer                               0x200002f8   Data          12  main.o(.bss)
    AccBuffer                                0x20000304   Data          12  main.o(.bss)
    MagBuffer                                0x20000310   Data          12  main.o(.bss)
    buffer_to_send                           0x2000031c   Data          64  main.o(.bss)
    buffer_received                          0x2000035c   Data          64  main.o(.bss)
    USBD_StrDesc                             0x2000039c   Data         512  usbd_desc.o(.bss)
    hUsbDeviceFS                             0x2000059c   Data         548  usb_device.o(.bss)
    hpcd_USB_FS                              0x200009e0   Data         936  usbd_conf.o(.bss)
    signal                                   0x20000d88   Data          12  stm32f3xx_it.o(.bss)
    UserRxBufferFS                           0x20000d94   Data          64  usbd_cdc_if.o(.bss)
    UserTxBufferFS                           0x20000dd4   Data          64  usbd_cdc_if.o(.bss)
    __initial_sp                             0x20001248   Data           0  startup_stm32f303xc.o(STACK)



==============================================================================

Memory Map of the image

  Image Entry point : 0x08000189

  Load Region LR_IROM1 (Base: 0x08000000, Size: 0x000067d0, Max: 0x00040000, ABSOLUTE, COMPRESSED[0x000066d0])

    Execution Region ER_IROM1 (Base: 0x08000000, Size: 0x00006610, Max: 0x00040000, ABSOLUTE)

    Base Addr    Size         Type   Attr      Idx    E Section Name        Object

    0x08000000   0x00000188   Data   RO         3002    RESET               startup_stm32f303xc.o
    0x08000188   0x00000000   Code   RO         4183  * .ARM.Collect$$$$00000000  mc_w.l(entry.o)
    0x08000188   0x00000004   Code   RO         4502    .ARM.Collect$$$$00000001  mc_w.l(entry2.o)
    0x0800018c   0x00000004   Code   RO         4505    .ARM.Collect$$$$00000004  mc_w.l(entry5.o)
    0x08000190   0x00000000   Code   RO         4507    .ARM.Collect$$$$00000008  mc_w.l(entry7b.o)
    0x08000190   0x00000000   Code   RO         4509    .ARM.Collect$$$$0000000A  mc_w.l(entry8b.o)
    0x08000190   0x00000008   Code   RO         4510    .ARM.Collect$$$$0000000B  mc_w.l(entry9a.o)
    0x08000198   0x00000000   Code   RO         4512    .ARM.Collect$$$$0000000D  mc_w.l(entry10a.o)
    0x08000198   0x00000000   Code   RO         4514    .ARM.Collect$$$$0000000F  mc_w.l(entry11a.o)
    0x08000198   0x00000004   Code   RO         4503    .ARM.Collect$$$$00002712  mc_w.l(entry2.o)
    0x0800019c   0x00000024   Code   RO         3003    .text               startup_stm32f303xc.o
    0x080001c0   0x00000020   Code   RO         4186    .text               mc_w.l(llushr.o)
    0x080001e0   0x00000024   Code   RO         4188    .text               mc_w.l(memcpya.o)
    0x08000204   0x0000000e   Code   RO         4192    .text               mc_w.l(strlen.o)
    0x08000212   0x000000e4   Code   RO         4457    .text               mf_w.l(dmul.o)
    0x080002f6   0x000000de   Code   RO         4459    .text               mf_w.l(ddiv.o)
    0x080003d4   0x0000001a   Code   RO         4461    .text               mf_w.l(dfltui.o)
    0x080003ee   0x00000026   Code   RO         4463    .text               mf_w.l(f2d.o)
    0x08000414   0x00000038   Code   RO         4465    .text               mf_w.l(d2f.o)
    0x0800044c   0x0000002c   Code   RO         4519    .text               mc_w.l(uidiv.o)
    0x08000478   0x00000062   Code   RO         4521    .text               mc_w.l(uldiv.o)
    0x080004da   0x00000000   Code   RO         4530    .text               mc_w.l(iusefp.o)
    0x080004da   0x0000006e   Code   RO         4531    .text               mf_w.l(fepilogue.o)
    0x08000548   0x000000ba   Code   RO         4533    .text               mf_w.l(depilogue.o)
    0x08000602   0x0000014e   Code   RO         4535    .text               mf_w.l(dadd.o)
    0x08000750   0x000000a2   Code   RO         4539    .text               mf_w.l(dsqrt.o)
    0x080007f2   0x00000030   Code   RO         4541    .text               mf_w.l(dfixul.o)
    0x08000822   0x00000002   PAD
    0x08000824   0x00000030   Code   RO         4545    .text               mf_w.l(cdrcmple.o)
    0x08000854   0x00000024   Code   RO         4551    .text               mc_w.l(init.o)
    0x08000878   0x0000001e   Code   RO         4554    .text               mc_w.l(llshl.o)
    0x08000896   0x00000024   Code   RO         4556    .text               mc_w.l(llsshr.o)
    0x080008ba   0x00000056   Code   RO         4567    .text               mc_w.l(__dczerorl2.o)
    0x08000910   0x00000002   Code   RO         3862    i.BusFault_Handler  stm32f3xx_it.o
    0x08000912   0x00000004   Code   RO         3953    i.CDC_Control_FS    usbd_cdc_if.o
    0x08000916   0x00000004   Code   RO         3954    i.CDC_DeInit_FS     usbd_cdc_if.o
    0x0800091a   0x00000002   PAD
    0x0800091c   0x00000024   Code   RO         3955    i.CDC_Init_FS       usbd_cdc_if.o
    0x08000940   0x00000044   Code   RO         3956    i.CDC_Receive_FS    usbd_cdc_if.o
    0x08000984   0x0000003c   Code   RO         3957    i.CDC_Transmit_FS   usbd_cdc_if.o
    0x080009c0   0x00000002   Code   RO         3863    i.DebugMon_Handler  stm32f3xx_it.o
    0x080009c2   0x00000002   Code   RO         3404    i.Error_Handler     main.o
    0x080009c4   0x00000016   Code   RO           11    i.HAL_Delay         stm32f3xx_hal.o
    0x080009da   0x00000002   PAD
    0x080009dc   0x00000188   Code   RO         2755    i.HAL_GPIO_Init     stm32f3xx_hal_gpio.o
    0x08000b64   0x0000000a   Code   RO         2757    i.HAL_GPIO_ReadPin  stm32f3xx_hal_gpio.o
    0x08000b6e   0x0000000a   Code   RO         2759    i.HAL_GPIO_WritePin  stm32f3xx_hal_gpio.o
    0x08000b78   0x0000000c   Code   RO           15    i.HAL_GetTick       stm32f3xx_hal.o
    0x08000b84   0x00000056   Code   RO         2322    i.HAL_I2CEx_ConfigAnalogFilter  stm32f3xx_hal_i2c_ex.o
    0x08000bda   0x00000002   PAD
    0x08000bdc   0x000000b0   Code   RO         1905    i.HAL_I2C_Init      stm32f3xx_hal_i2c.o
    0x08000c8c   0x0000016c   Code   RO         1921    i.HAL_I2C_Mem_Read  stm32f3xx_hal_i2c.o
    0x08000df8   0x00000168   Code   RO         1924    i.HAL_I2C_Mem_Write  stm32f3xx_hal_i2c.o
    0x08000f60   0x0000004c   Code   RO         3797    i.HAL_I2C_MspInit   stm32f3xx_hal_msp.o
    0x08000fac   0x00000010   Code   RO           16    i.HAL_IncTick       stm32f3xx_hal.o
    0x08000fbc   0x00000024   Code   RO           17    i.HAL_Init          stm32f3xx_hal.o
    0x08000fe0   0x00000028   Code   RO           18    i.HAL_InitTick      stm32f3xx_hal.o
    0x08001008   0x00000070   Code   RO         3798    i.HAL_MspInit       stm32f3xx_hal_msp.o
    0x08001078   0x00000016   Code   RO         1140    i.HAL_NVIC_EnableIRQ  stm32f3xx_hal_cortex.o
    0x0800108e   0x00000002   PAD
    0x08001090   0x00000040   Code   RO         1146    i.HAL_NVIC_SetPriority  stm32f3xx_hal_cortex.o
    0x080010d0   0x00000024   Code   RO         1147    i.HAL_NVIC_SetPriorityGrouping  stm32f3xx_hal_cortex.o
    0x080010f4   0x0000003c   Code   RO         2923    i.HAL_PCDEx_PMAConfig  stm32f3xx_hal_pcd_ex.o
    0x08001130   0x00000002   Code   RO         3589    i.HAL_PCDEx_SetConnectionState  usbd_conf.o
    0x08001132   0x00000012   Code   RO         3591    i.HAL_PCD_DataInStageCallback  usbd_conf.o
    0x08001144   0x00000014   Code   RO         3592    i.HAL_PCD_DataOutStageCallback  usbd_conf.o
    0x08001158   0x00000182   Code   RO          256    i.HAL_PCD_EP_Close  stm32f3xx_hal_pcd.o
    0x080012da   0x000000b0   Code   RO          257    i.HAL_PCD_EP_ClrStall  stm32f3xx_hal_pcd.o
    0x0800138a   0x00000014   Code   RO          259    i.HAL_PCD_EP_GetRxCount  stm32f3xx_hal_pcd.o
    0x0800139e   0x000002fc   Code   RO          260    i.HAL_PCD_EP_Open   stm32f3xx_hal_pcd.o
    0x0800169a   0x000000e6   Code   RO          261    i.HAL_PCD_EP_Receive  stm32f3xx_hal_pcd.o
    0x08001780   0x0000008a   Code   RO          262    i.HAL_PCD_EP_SetStall  stm32f3xx_hal_pcd.o
    0x0800180a   0x000000e6   Code   RO          263    i.HAL_PCD_EP_Transmit  stm32f3xx_hal_pcd.o
    0x080018f0   0x000000fc   Code   RO          265    i.HAL_PCD_IRQHandler  stm32f3xx_hal_pcd.o
    0x080019ec   0x000000a6   Code   RO          268    i.HAL_PCD_Init      stm32f3xx_hal_pcd.o
    0x08001a92   0x00000002   PAD
    0x08001a94   0x0000005c   Code   RO         3597    i.HAL_PCD_MspInit   usbd_conf.o
    0x08001af0   0x0000001a   Code   RO         3598    i.HAL_PCD_ResetCallback  usbd_conf.o
    0x08001b0a   0x00000008   Code   RO         3599    i.HAL_PCD_ResumeCallback  usbd_conf.o
    0x08001b12   0x00000008   Code   RO         3600    i.HAL_PCD_SOFCallback  usbd_conf.o
    0x08001b1a   0x0000002c   Code   RO          274    i.HAL_PCD_SetAddress  stm32f3xx_hal_pcd.o
    0x08001b46   0x0000000e   Code   RO         3601    i.HAL_PCD_SetupStageCallback  usbd_conf.o
    0x08001b54   0x0000000c   Code   RO          276    i.HAL_PCD_Start     stm32f3xx_hal_pcd.o
    0x08001b60   0x00000024   Code   RO         3602    i.HAL_PCD_SuspendCallback  usbd_conf.o
    0x08001b84   0x00000218   Code   RO          990    i.HAL_RCCEx_PeriphCLKConfig  stm32f3xx_hal_rcc_ex.o
    0x08001d9c   0x00000188   Code   RO         2819    i.HAL_RCC_ClockConfig  stm32f3xx_hal_rcc.o
    0x08001f24   0x0000000c   Code   RO         2824    i.HAL_RCC_GetHCLKFreq  stm32f3xx_hal_rcc.o
    0x08001f30   0x00000064   Code   RO         2828    i.HAL_RCC_GetSysClockFreq  stm32f3xx_hal_rcc.o
    0x08001f94   0x000005ac   Code   RO         2831    i.HAL_RCC_OscConfig  stm32f3xx_hal_rcc.o
    0x08002540   0x00000002   Code   RO          465    i.HAL_SPI_ErrorCallback  stm32f3xx_hal_spi.o
    0x08002542   0x0000008a   Code   RO          468    i.HAL_SPI_IRQHandler  stm32f3xx_hal_spi.o
    0x080025cc   0x000000c0   Code   RO          469    i.HAL_SPI_Init      stm32f3xx_hal_spi.o
    0x0800268c   0x00000058   Code   RO         3800    i.HAL_SPI_MspInit   stm32f3xx_hal_msp.o
    0x080026e4   0x000002ba   Code   RO          478    i.HAL_SPI_TransmitReceive  stm32f3xx_hal_spi.o
    0x0800299e   0x00000018   Code   RO         1149    i.HAL_SYSTICK_CLKSourceConfig  stm32f3xx_hal_cortex.o
    0x080029b6   0x00000002   Code   RO         1150    i.HAL_SYSTICK_Callback  stm32f3xx_hal_cortex.o
    0x080029b8   0x00000028   Code   RO         1151    i.HAL_SYSTICK_Config  stm32f3xx_hal_cortex.o
    0x080029e0   0x00000008   Code   RO         1152    i.HAL_SYSTICK_IRQHandler  stm32f3xx_hal_cortex.o
    0x080029e8   0x00000088   Code   RO         2481    i.HAL_TIMEx_ConfigBreakDeadTime  stm32f3xx_hal_tim_ex.o
    0x08002a70   0x00000058   Code   RO         2497    i.HAL_TIMEx_MasterConfigSynchronization  stm32f3xx_hal_tim_ex.o
    0x08002ac8   0x00000036   Code   RO         1262    i.HAL_TIM_Base_Init  stm32f3xx_hal_tim.o
    0x08002afe   0x00000002   PAD
    0x08002b00   0x00000028   Code   RO         3802    i.HAL_TIM_Base_MspInit  stm32f3xx_hal_msp.o
    0x08002b28   0x000000fc   Code   RO         1271    i.HAL_TIM_ConfigClockSource  stm32f3xx_hal_tim.o
    0x08002c24   0x00000034   Code   RO         3803    i.HAL_TIM_MspPostInit  stm32f3xx_hal_msp.o
    0x08002c58   0x00000128   Code   RO         2517    i.HAL_TIM_PWM_ConfigChannel  stm32f3xx_hal_tim_ex.o
    0x08002d80   0x00000036   Code   RO         1331    i.HAL_TIM_PWM_Init  stm32f3xx_hal_tim.o
    0x08002db6   0x00000002   Code   RO         1333    i.HAL_TIM_PWM_MspInit  stm32f3xx_hal_tim.o
    0x08002db8   0x00000058   Code   RO         1335    i.HAL_TIM_PWM_Start  stm32f3xx_hal_tim.o
    0x08002e10   0x00000002   Code   RO         3864    i.HardFault_Handler  stm32f3xx_it.o
    0x08002e12   0x00000022   Code   RO         1947    i.I2C_Flush_TXDR    stm32f3xx_hal_i2c.o
    0x08002e34   0x0000007c   Code   RO         1955    i.I2C_IsAcknowledgeFailed  stm32f3xx_hal_i2c.o
    0x08002eb0   0x0000006e   Code   RO         1958    i.I2C_RequestMemoryRead  stm32f3xx_hal_i2c.o
    0x08002f1e   0x0000006e   Code   RO         1959    i.I2C_RequestMemoryWrite  stm32f3xx_hal_i2c.o
    0x08002f8c   0x00000024   Code   RO         1962    i.I2C_TransferConfig  stm32f3xx_hal_i2c.o
    0x08002fb0   0x00000052   Code   RO         1963    i.I2C_WaitOnFlagUntilTimeout  stm32f3xx_hal_i2c.o
    0x08003002   0x0000004e   Code   RO         1965    i.I2C_WaitOnSTOPFlagUntilTimeout  stm32f3xx_hal_i2c.o
    0x08003050   0x00000052   Code   RO         1966    i.I2C_WaitOnTXISFlagUntilTimeout  stm32f3xx_hal_i2c.o
    0x080030a2   0x00000002   PAD
    0x080030a4   0x000000a8   Code   RO         3405    i.MX_GPIO_Init      main.o
    0x0800314c   0x00000044   Code   RO         3406    i.MX_I2C1_Init      main.o
    0x08003190   0x00000044   Code   RO         3407    i.MX_I2C2_Init      main.o
    0x080031d4   0x0000004c   Code   RO         3408    i.MX_SPI1_Init      main.o
    0x08003220   0x000000ac   Code   RO         3409    i.MX_TIM1_Init      main.o
    0x080032cc   0x00000038   Code   RO         3559    i.MX_USB_DEVICE_Init  usb_device.o
    0x08003304   0x00000002   Code   RO         3865    i.MemManage_Handler  stm32f3xx_it.o
    0x08003306   0x00000002   Code   RO         3866    i.NMI_Handler       stm32f3xx_it.o
    0x08003308   0x00000020   Code   RO         1153    i.NVIC_SetPriority  stm32f3xx_hal_cortex.o
    0x08003328   0x00000368   Code   RO          279    i.PCD_EP_ISR_Handler  stm32f3xx_hal_pcd.o
    0x08003690   0x0000001e   Code   RO         2925    i.PCD_ReadPMA       stm32f3xx_hal_pcd_ex.o
    0x080036ae   0x00000026   Code   RO         2926    i.PCD_WritePMA      stm32f3xx_hal_pcd_ex.o
    0x080036d4   0x00000054   Code   RO         4146    i.PID_Controller    pid_controller.o
    0x08003728   0x00000002   Code   RO         3867    i.PendSV_Handler    stm32f3xx_it.o
    0x0800372a   0x00000002   PAD
    0x0800372c   0x0000000c   Code   RO         3868    i.SPI1_IRQHandler   stm32f3xx_it.o
    0x08003738   0x00000030   Code   RO          504    i.SPI_EndRxTxTransaction  stm32f3xx_hal_spi.o
    0x08003768   0x000000a2   Code   RO          511    i.SPI_WaitFifoStateUntilTimeout  stm32f3xx_hal_spi.o
    0x0800380a   0x0000008e   Code   RO          512    i.SPI_WaitFlagStateUntilTimeout  stm32f3xx_hal_spi.o
    0x08003898   0x00000002   Code   RO         3869    i.SVC_Handler       stm32f3xx_it.o
    0x0800389a   0x00000002   PAD
    0x0800389c   0x0000008c   Code   RO         3870    i.SysTick_Handler   stm32f3xx_it.o
    0x08003928   0x00000088   Code   RO         3410    i.SystemClock_Config  main.o
    0x080039b0   0x00000068   Code   RO         2966    i.SystemInit        system_stm32f3xx.o
    0x08003a18   0x000000a8   Code   RO         1346    i.TIM_Base_SetConfig  stm32f3xx_hal_tim.o
    0x08003ac0   0x00000016   Code   RO         1347    i.TIM_CCxChannelCmd  stm32f3xx_hal_tim.o
    0x08003ad6   0x00000014   Code   RO         1353    i.TIM_ETR_SetConfig  stm32f3xx_hal_tim.o
    0x08003aea   0x00000010   Code   RO         1354    i.TIM_ITRx_SetConfig  stm32f3xx_hal_tim.o
    0x08003afa   0x00000002   PAD
    0x08003afc   0x0000009c   Code   RO         1355    i.TIM_OC1_SetConfig  stm32f3xx_hal_tim.o
    0x08003b98   0x00000090   Code   RO         1356    i.TIM_OC2_SetConfig  stm32f3xx_hal_tim.o
    0x08003c28   0x00000090   Code   RO         1357    i.TIM_OC3_SetConfig  stm32f3xx_hal_tim.o
    0x08003cb8   0x00000074   Code   RO         1358    i.TIM_OC4_SetConfig  stm32f3xx_hal_tim.o
    0x08003d2c   0x00000070   Code   RO         2520    i.TIM_OC5_SetConfig  stm32f3xx_hal_tim_ex.o
    0x08003d9c   0x00000070   Code   RO         2521    i.TIM_OC6_SetConfig  stm32f3xx_hal_tim_ex.o
    0x08003e0c   0x00000022   Code   RO         1360    i.TIM_TI1_ConfigInputStage  stm32f3xx_hal_tim.o
    0x08003e2e   0x00000024   Code   RO         1362    i.TIM_TI2_ConfigInputStage  stm32f3xx_hal_tim.o
    0x08003e52   0x00000014   Code   RO         3010    i.USBD_CDC_DataIn   usbd_cdc.o
    0x08003e66   0x0000002e   Code   RO         3011    i.USBD_CDC_DataOut  usbd_cdc.o
    0x08003e94   0x0000003c   Code   RO         3012    i.USBD_CDC_DeInit   usbd_cdc.o
    0x08003ed0   0x00000024   Code   RO         3013    i.USBD_CDC_EP0_RxReady  usbd_cdc.o
    0x08003ef4   0x0000000c   Code   RO         3014    i.USBD_CDC_GetDeviceQualifierDescriptor  usbd_cdc.o
    0x08003f00   0x0000000c   Code   RO         3015    i.USBD_CDC_GetFSCfgDesc  usbd_cdc.o
    0x08003f0c   0x0000000c   Code   RO         3016    i.USBD_CDC_GetHSCfgDesc  usbd_cdc.o
    0x08003f18   0x0000000c   Code   RO         3017    i.USBD_CDC_GetOtherSpeedCfgDesc  usbd_cdc.o
    0x08003f24   0x00000088   Code   RO         3018    i.USBD_CDC_Init     usbd_cdc.o
    0x08003fac   0x00000028   Code   RO         3019    i.USBD_CDC_ReceivePacket  usbd_cdc.o
    0x08003fd4   0x00000010   Code   RO         3020    i.USBD_CDC_RegisterInterface  usbd_cdc.o
    0x08003fe4   0x0000000c   Code   RO         3021    i.USBD_CDC_SetRxBuffer  usbd_cdc.o
    0x08003ff0   0x00000010   Code   RO         3022    i.USBD_CDC_SetTxBuffer  usbd_cdc.o
    0x08004000   0x00000070   Code   RO         3023    i.USBD_CDC_Setup    usbd_cdc.o
    0x08004070   0x00000030   Code   RO         3024    i.USBD_CDC_TransmitPacket  usbd_cdc.o
    0x080040a0   0x0000000e   Code   RO         3266    i.USBD_ClrClassConfig  usbd_core.o
    0x080040ae   0x00000010   Code   RO         3141    i.USBD_CtlContinueRx  usbd_ioreq.o
    0x080040be   0x00000010   Code   RO         3142    i.USBD_CtlContinueSendData  usbd_ioreq.o
    0x080040ce   0x00000016   Code   RO         3201    i.USBD_CtlError     usbd_ctlreq.o
    0x080040e4   0x0000001e   Code   RO         3143    i.USBD_CtlPrepareRx  usbd_ioreq.o
    0x08004102   0x00000016   Code   RO         3144    i.USBD_CtlReceiveStatus  usbd_ioreq.o
    0x08004118   0x0000001a   Code   RO         3145    i.USBD_CtlSendData  usbd_ioreq.o
    0x08004132   0x00000016   Code   RO         3146    i.USBD_CtlSendStatus  usbd_ioreq.o
    0x08004148   0x00000020   Code   RO         3491    i.USBD_FS_ConfigStrDescriptor  usbd_desc.o
    0x08004168   0x0000000c   Code   RO         3492    i.USBD_FS_DeviceDescriptor  usbd_desc.o
    0x08004174   0x00000024   Code   RO         3493    i.USBD_FS_InterfaceStrDescriptor  usbd_desc.o
    0x08004198   0x0000000c   Code   RO         3494    i.USBD_FS_LangIDStrDescriptor  usbd_desc.o
    0x080041a4   0x00000028   Code   RO         3495    i.USBD_FS_ManufacturerStrDescriptor  usbd_desc.o
    0x080041cc   0x0000002c   Code   RO         3496    i.USBD_FS_ProductStrDescriptor  usbd_desc.o
    0x080041f8   0x00000024   Code   RO         3497    i.USBD_FS_SerialStrDescriptor  usbd_desc.o
    0x0800421c   0x000000e0   Code   RO         3202    i.USBD_GetDescriptor  usbd_ctlreq.o
    0x080042fc   0x00000046   Code   RO         3203    i.USBD_GetString    usbd_ctlreq.o
    0x08004342   0x0000002a   Code   RO         3268    i.USBD_Init         usbd_core.o
    0x0800436c   0x0000000e   Code   RO         3603    i.USBD_LL_ClearStallEP  usbd_conf.o
    0x0800437a   0x0000000e   Code   RO         3604    i.USBD_LL_CloseEP   usbd_conf.o
    0x08004388   0x000000aa   Code   RO         3269    i.USBD_LL_DataInStage  usbd_core.o
    0x08004432   0x0000006a   Code   RO         3270    i.USBD_LL_DataOutStage  usbd_core.o
    0x0800449c   0x00000008   Code   RO         3608    i.USBD_LL_GetRxDataSize  usbd_conf.o
    0x080044a4   0x00000084   Code   RO         3609    i.USBD_LL_Init      usbd_conf.o
    0x08004528   0x00000020   Code   RO         3610    i.USBD_LL_IsStallEP  usbd_conf.o
    0x08004548   0x00000014   Code   RO         3611    i.USBD_LL_OpenEP    usbd_conf.o
    0x0800455c   0x0000000e   Code   RO         3612    i.USBD_LL_PrepareReceive  usbd_conf.o
    0x0800456a   0x0000003e   Code   RO         3275    i.USBD_LL_Reset     usbd_core.o
    0x080045a8   0x0000000c   Code   RO         3276    i.USBD_LL_Resume    usbd_core.o
    0x080045b4   0x00000018   Code   RO         3277    i.USBD_LL_SOF       usbd_core.o
    0x080045cc   0x00000006   Code   RO         3278    i.USBD_LL_SetSpeed  usbd_core.o
    0x080045d2   0x0000000e   Code   RO         3613    i.USBD_LL_SetUSBAddress  usbd_conf.o
    0x080045e0   0x0000005a   Code   RO         3279    i.USBD_LL_SetupStage  usbd_core.o
    0x0800463a   0x0000000e   Code   RO         3614    i.USBD_LL_StallEP   usbd_conf.o
    0x08004648   0x0000000e   Code   RO         3615    i.USBD_LL_Start     usbd_conf.o
    0x08004656   0x00000012   Code   RO         3280    i.USBD_LL_Suspend   usbd_core.o
    0x08004668   0x0000000e   Code   RO         3617    i.USBD_LL_Transmit  usbd_conf.o
    0x08004676   0x00000028   Code   RO         3204    i.USBD_ParseSetupRequest  usbd_ctlreq.o
    0x0800469e   0x00000010   Code   RO         3281    i.USBD_RegisterClass  usbd_core.o
    0x080046ae   0x00000016   Code   RO         3283    i.USBD_SetClassConfig  usbd_core.o
    0x080046c4   0x00000074   Code   RO         3205    i.USBD_SetConfig    usbd_ctlreq.o
    0x08004738   0x0000000a   Code   RO         3284    i.USBD_Start        usbd_core.o
    0x08004742   0x000000f2   Code   RO         3206    i.USBD_StdDevReq    usbd_ctlreq.o
    0x08004834   0x000000dc   Code   RO         3207    i.USBD_StdEPReq     usbd_ctlreq.o
    0x08004910   0x00000034   Code   RO         3208    i.USBD_StdItfReq    usbd_ctlreq.o
    0x08004944   0x00000002   Code   RO         3618    i.USBD_static_free  usbd_conf.o
    0x08004946   0x00000002   PAD
    0x08004948   0x00000008   Code   RO         3619    i.USBD_static_malloc  usbd_conf.o
    0x08004950   0x0000000c   Code   RO         3871    i.USB_LP_CAN_RX0_IRQHandler  stm32f3xx_it.o
    0x0800495c   0x00000002   Code   RO         3872    i.UsageFault_Handler  stm32f3xx_it.o
    0x0800495e   0x00000002   PAD
    0x08004960   0x00000028   Code   RO         4431    i.__0sprintf        mc_w.l(printfa.o)
    0x08004988   0x00000030   Code   RO         4547    i.__ARM_fpclassify  m_wm.l(fpclassify.o)
    0x080049b8   0x000002d8   Code   RO         4467    i.__hardfp_atan     m_wm.l(atan.o)
    0x08004c90   0x000001f0   Code   RO         4159    i.__hardfp_atan2    m_wm.l(atan2.o)
    0x08004e80   0x0000007a   Code   RO         4171    i.__hardfp_sqrt     m_wm.l(sqrt.o)
    0x08004efa   0x000000f8   Code   RO         4549    i.__kernel_poly     m_wm.l(poly.o)
    0x08004ff2   0x00000014   Code   RO         4482    i.__mathlib_dbl_infnan  m_wm.l(dunder.o)
    0x08005006   0x00000014   Code   RO         4483    i.__mathlib_dbl_infnan2  m_wm.l(dunder.o)
    0x0800501a   0x00000006   PAD
    0x08005020   0x00000020   Code   RO         4487    i.__mathlib_dbl_underflow  m_wm.l(dunder.o)
    0x08005040   0x0000000e   Code   RO         4561    i.__scatterload_copy  mc_w.l(handlers.o)
    0x0800504e   0x00000002   Code   RO         4562    i.__scatterload_null  mc_w.l(handlers.o)
    0x08005050   0x0000000e   Code   RO         4563    i.__scatterload_zeroinit  mc_w.l(handlers.o)
    0x0800505e   0x00000002   PAD
    0x08005060   0x0000000c   Code   RO         4525    i.__set_errno       mc_w.l(errno.o)
    0x0800506c   0x00000184   Code   RO         4436    i._fp_digits        mc_w.l(printfa.o)
    0x080051f0   0x000006dc   Code   RO         4437    i._printf_core      mc_w.l(printfa.o)
    0x080058cc   0x00000024   Code   RO         4438    i._printf_post_padding  mc_w.l(printfa.o)
    0x080058f0   0x0000002e   Code   RO         4439    i._printf_pre_padding  mc_w.l(printfa.o)
    0x0800591e   0x0000000a   Code   RO         4441    i._sputc            mc_w.l(printfa.o)
    0x08005928   0x00000010   Code   RO         4469    i.atan              m_wm.l(atan.o)
    0x08005938   0x00000018   Code   RO         4497    i.fabs              m_wm.l(fabs.o)
    0x08005950   0x000003d8   Code   RO         4006    i.imu9dof           imu9dof.o
    0x08005d28   0x00000054   Code   RO         4029    i.l3gd20_init       l3gd20.o
    0x08005d7c   0x00000050   Code   RO         4030    i.l3gd20_read       l3gd20.o
    0x08005dcc   0x000000cc   Code   RO         4031    i.l3gd20_readxyz    l3gd20.o
    0x08005e98   0x00000024   Code   RO         4032    i.l3gd20_reboot     l3gd20.o
    0x08005ebc   0x00000028   Code   RO         4033    i.l3gd20_sendbyte   l3gd20.o
    0x08005ee4   0x00000048   Code   RO         4035    i.l3gd20_write      l3gd20.o
    0x08005f2c   0x0000010c   Code   RO         4089    i.lsm_accxyz        lsm303dlhc.o
    0x08006038   0x00000050   Code   RO         4090    i.lsm_init          lsm303dlhc.o
    0x08006088   0x00000120   Code   RO         4091    i.lsm_magxyz        lsm303dlhc.o
    0x080061a8   0x0000002c   Code   RO         4092    i.lsm_read          lsm303dlhc.o
    0x080061d4   0x0000001a   Code   RO         4093    i.lsm_reboot        lsm303dlhc.o
    0x080061ee   0x00000002   PAD
    0x080061f0   0x00000024   Code   RO         4095    i.lsm_write         lsm303dlhc.o
    0x08006214   0x0000030c   Code   RO         3411    i.main              main.o
    0x08006520   0x00000020   Data   RO         2832    .constdata          stm32f3xx_hal_rcc.o
    0x08006540   0x00000010   Data   RO         2967    .constdata          system_stm32f3xx.o
    0x08006550   0x00000098   Data   RO         4470    .constdata          m_wm.l(atan.o)
    0x080065e8   0x00000008   Data   RO         4501    .constdata          m_wm.l(qnan.o)
    0x080065f0   0x00000020   Data   RO         4559    Region$$Table       anon$$obj.o


    Execution Region RW_IRAM1 (Base: 0x20000000, Size: 0x00001248, Max: 0x0000c000, ABSOLUTE, COMPRESSED[0x000000c0])

    Base Addr    Size         Type   Attr      Idx    E Section Name        Object

    0x20000000   0x00000004   Data   RW           23    .data               stm32f3xx_hal.o
    0x20000004   0x00000004   Data   RW         2969    .data               system_stm32f3xx.o
    0x20000008   0x000000db   Data   RW         3025    .data               usbd_cdc.o
    0x200000e3   0x00000001   PAD
    0x200000e4   0x00000038   Data   RW         3026    .data               usbd_cdc.o
    0x2000011c   0x00000001   Data   RW         3209    .data               usbd_ctlreq.o
    0x2000011d   0x00000003   PAD
    0x20000120   0x00000024   Data   RW         3415    .data               main.o
    0x20000144   0x0000001c   Data   RW         3499    .data               usbd_desc.o
    0x20000160   0x00000016   Data   RW         3500    .data               usbd_desc.o
    0x20000176   0x00000001   Data   RW         3959    .data               usbd_cdc_if.o
    0x20000177   0x00000001   PAD
    0x20000178   0x00000010   Data   RW         3960    .data               usbd_cdc_if.o
    0x20000188   0x00000024   Data   RW         4008    .data               imu9dof.o
    0x200001ac   0x00000006   Data   RW         4096    .data               lsm303dlhc.o
    0x200001b2   0x00000002   PAD
    0x200001b4   0x00000008   Data   RW         4148    .data               pid_controller.o
    0x200001bc   0x00000004   Data   RW         4526    .data               mc_w.l(errno.o)
    0x200001c0   0x0000019c   Zero   RW         3412    .bss                main.o
    0x2000035c   0x00000040   Zero   RW         3413    .bss                main.o
    0x2000039c   0x00000200   Zero   RW         3498    .bss                usbd_desc.o
    0x2000059c   0x00000224   Zero   RW         3560    .bss                usb_device.o
    0x200007c0   0x000005c8   Zero   RW         3620    .bss                usbd_conf.o
    0x20000d88   0x0000000c   Zero   RW         3873    .bss                stm32f3xx_it.o
    0x20000d94   0x00000080   Zero   RW         3958    .bss                usbd_cdc_if.o
    0x20000e14   0x00000030   Zero   RW         4007    .bss                imu9dof.o
    0x20000e44   0x00000004   PAD
    0x20000e48   0x00000400   Zero   RW         3000    STACK               startup_stm32f303xc.o


==============================================================================

Image component sizes


      Code (inc. data)   RO Data    RW Data    ZI Data      Debug   Object Name

       984         70          0         36         48       2124   imu9dof.o
       516         34          0          0          0       4436   l3gd20.o
       742         20          0          6          0       4953   lsm303dlhc.o
      1470        148          0         36        476      34868   main.o
        84          6          0          8          0       1221   pid_controller.o
        36          8        392          0       1024        812   startup_stm32f303xc.o
       126         22          0          4          0     586627   stm32f3xx_hal.o
       228         14          0          0          0      32213   stm32f3xx_hal_cortex.o
       412         28          0          0          0       3143   stm32f3xx_hal_gpio.o
      1556         28          0          0          0      12094   stm32f3xx_hal_i2c.o
        86          0          0          0          0       1147   stm32f3xx_hal_i2c_ex.o
       368         48          0          0          0       3475   stm32f3xx_hal_msp.o
      3290          0          0          0          0      12126   stm32f3xx_hal_pcd.o
       128          0          0          0          0       2871   stm32f3xx_hal_pcd_ex.o
      1956         52         32          0          0       5150   stm32f3xx_hal_rcc.o
       536         14          0          0          0       1608   stm32f3xx_hal_rcc_ex.o
      1382          0          0          0          0       6990   stm32f3xx_hal_spi.o
      1306        156          0          0          0      12020   stm32f3xx_hal_tim.o
       744         70          0          0          0       4732   stm32f3xx_hal_tim_ex.o
       180         54          0          0         12       6160   stm32f3xx_it.o
       104         22         16          4          0       1423   system_stm32f3xx.o
        56         18          0          0        548        736   usb_device.o
       590         22          0        275          0      17602   usbd_cdc.o
       172         36          0         17        128       3506   usbd_cdc_if.o
       524         30          0          0       1480      13333   usbd_conf.o
       592          0          0          0          0       9668   usbd_core.o
       986         30          0          1          0       8052   usbd_ctlreq.o
       212        116          0         50        512       5179   usbd_desc.o
       132          0          0          0          0       4556   usbd_ioreq.o

    ----------------------------------------------------------------------
     19524       1046        472        444       4232     802825   Object Totals
         0          0         32          0          0          0   (incl. Generated)
        26          0          0          7          4          0   (incl. Padding)

    ----------------------------------------------------------------------

      Code (inc. data)   RO Data    RW Data    ZI Data      Debug   Library Member Name

       744        106        152          0          0        352   atan.o
       496         64          0          0          0        192   atan2.o
        72          8          0          0          0        372   dunder.o
        24          0          0          0          0        124   fabs.o
        48          0          0          0          0        124   fpclassify.o
       248          0          0          0          0        152   poly.o
         0          0          8          0          0          0   qnan.o
       122          0          0          0          0        148   sqrt.o
        86          0          0          0          0          0   __dczerorl2.o
         0          0          0          0          0          0   entry.o
         0          0          0          0          0          0   entry10a.o
         0          0          0          0          0          0   entry11a.o
         8          4          0          0          0          0   entry2.o
         4          0          0          0          0          0   entry5.o
         0          0          0          0          0          0   entry7b.o
         0          0          0          0          0          0   entry8b.o
         8          4          0          0          0          0   entry9a.o
        12          6          0          4          0         68   errno.o
        30          0          0          0          0          0   handlers.o
        36          8          0          0          0         68   init.o
         0          0          0          0          0          0   iusefp.o
        30          0          0          0          0         68   llshl.o
        36          0          0          0          0         68   llsshr.o
        32          0          0          0          0         68   llushr.o
        36          0          0          0          0         68   memcpya.o
      2276         86          0          0          0        520   printfa.o
        14          0          0          0          0         68   strlen.o
        44          0          0          0          0         80   uidiv.o
        98          0          0          0          0         92   uldiv.o
        48          0          0          0          0         68   cdrcmple.o
        56          0          0          0          0         88   d2f.o
       334          0          0          0          0        148   dadd.o
       222          0          0          0          0        100   ddiv.o
       186          0          0          0          0        176   depilogue.o
        48          0          0          0          0         68   dfixul.o
        26          0          0          0          0         76   dfltui.o
       228          0          0          0          0         96   dmul.o
       162          0          0          0          0        100   dsqrt.o
        38          0          0          0          0         68   f2d.o
       110          0          0          0          0        168   fepilogue.o

    ----------------------------------------------------------------------
      5972        286        160          4          0       3788   Library Totals
        10          0          0          0          0          0   (incl. Padding)

    ----------------------------------------------------------------------

      Code (inc. data)   RO Data    RW Data    ZI Data      Debug   Library Name

      1754        178        160          0          0       1464   m_wm.l
      2750        108          0          4          0       1168   mc_w.l
      1458          0          0          0          0       1156   mf_w.l

    ----------------------------------------------------------------------
      5972        286        160          4          0       3788   Library Totals

    ----------------------------------------------------------------------

==============================================================================


      Code (inc. data)   RO Data    RW Data    ZI Data      Debug   

     25496       1332        632        448       4232     786501   Grand Totals
     25496       1332        632        192       4232     786501   ELF Image Totals (compressed)
     25496       1332        632        192          0          0   ROM Totals

==============================================================================

    Total RO  Size (Code + RO Data)                26128 (  25.52kB)
    Total RW  Size (RW Data + ZI Data)              4680 (   4.57kB)
    Total ROM Size (Code + RO Data + RW Data)      26320 (  25.70kB)

==============================================================================

